01:07:18 **** Incremental Build of configuration Debug for project 01_SampleApp ****
make -j12 all 
arm-none-eabi-gcc "../Src/main.c" -mcpu=cortex-m4 -std=gnu11 -g3 -DDEBUG -DSTM32 -DSTM32F4 -DSTM32F446RETx -DNUCLEO_F446RE -c -I../Inc -O0 -ffunction-sections -fdata-sections -Wall -fstack-usage -fcyclomatic-complexity -MMD -MP -MF"Src/main.d" -MT"Src/main.o" --specs=nano.specs -mfpu=fpv4-sp-d16 -mfloat-abi=hard -mthumb -o "Src/main.o"
arm-none-eabi-gcc -o "01_SampleApp.elf" @"objects.list"   -mcpu=cortex-m4 -T"C:\Users\lenovo\Documents\Learning\Udemy\stm32_learn\01_SampleApp\STM32F446RETX_FLASH.ld" --specs=nosys.specs -Wl,-Map="01_SampleApp.map" -Wl,--gc-sections -static --specs=nano.specs -mfpu=fpv4-sp-d16 -mfloat-abi=hard -mthumb -Wl,--start-group -lc -lm -Wl,--end-group
Finished building target: 01_SampleApp.elf
 
arm-none-eabi-size  01_SampleApp.elf 
arm-none-eabi-objdump -h -S 01_SampleApp.elf  > "01_SampleApp.list"
   text	   data	    bss	    dec	    hex	filename
   6588	    164	   1900	   8652	   21cc	01_SampleApp.elf
Finished building: default.size.stdout
 
Finished building: 01_SampleApp.list
 

01:07:18 Build Finished. 0 errors, 0 warnings. (took 701ms)

