01:45:34 **** Incremental Build of configuration Debug for project 02_MCO ****
make -j12 all 
arm-none-eabi-gcc "../Src/main.c" -mcpu=cortex-m4 -std=gnu11 -g3 -DDEBUG -DSTM32 -DSTM32F4 -DSTM32F446RETx -DNUCLEO_F446RE -c -I../Inc -O0 -ffunction-sections -fdata-sections -Wall -fstack-usage -fcyclomatic-complexity -MMD -MP -MF"Src/main.d" -MT"Src/main.o" --specs=nano.specs -mfpu=fpv4-sp-d16 -mfloat-abi=hard -mthumb -o "Src/main.o"
arm-none-eabi-gcc -o "02_MCO.elf" @"objects.list"   -mcpu=cortex-m4 -T"C:\Users\lenovo\Documents\Learning\Udemy\stm32_learn\02_MCO\STM32F446RETX_FLASH.ld" --specs=nosys.specs -Wl,-Map="02_MCO.map" -Wl,--gc-sections -static --specs=nano.specs -mfpu=fpv4-sp-d16 -mfloat-abi=hard -mthumb -Wl,--start-group -lc -lm -Wl,--end-group
Finished building target: 02_MCO.elf
 
arm-none-eabi-size  02_MCO.elf 
arm-none-eabi-objdump -h -S 02_MCO.elf  > "02_MCO.list"
   text	   data	    bss	    dec	    hex	filename
    820	      0	   1568	   2388	    954	02_MCO.elf
Finished building: default.size.stdout
 
Finished building: 02_MCO.list
 

01:45:35 Build Finished. 0 errors, 0 warnings. (took 660ms)

