19:56:10 **** Incremental Build of configuration Debug for project 03_HSE_Measurement ****
make -j12 all 
arm-none-eabi-gcc "../Src/main.c" -mcpu=cortex-m4 -std=gnu11 -g3 -DDEBUG -DSTM32 -DSTM32F4 -DSTM32F446RETx -DNUCLEO_F446RE -c -I../Inc -O0 -ffunction-sections -fdata-sections -Wall -fstack-usage -fcyclomatic-complexity -MMD -MP -MF"Src/main.d" -MT"Src/main.o" --specs=nano.specs -mfloat-abi=soft -mthumb -o "Src/main.o"
arm-none-eabi-gcc -o "03_HSE_Measurement.elf" @"objects.list"   -mcpu=cortex-m4 -T"C:\Users\lenovo\Documents\Learning\Udemy\stm32_learn\03_HSE_Measurement\STM32F446RETX_FLASH.ld" --specs=nosys.specs -Wl,-Map="03_HSE_Measurement.map" -Wl,--gc-sections -static --specs=nano.specs -mfloat-abi=soft -mthumb -Wl,--start-group -lc -lm -Wl,--end-group
Finished building target: 03_HSE_Measurement.elf
 
arm-none-eabi-size  03_HSE_Measurement.elf 
arm-none-eabi-objdump -h -S 03_HSE_Measurement.elf  > "03_HSE_Measurement.list"
   text	   data	    bss	    dec	    hex	filename
    876	      0	   1568	   2444	    98c	03_HSE_Measurement.elf
Finished building: default.size.stdout
 
Finished building: 03_HSE_Measurement.list
 

19:56:14 Build Finished. 0 errors, 0 warnings. (took 4s.364ms)

