13:48:41 **** Incremental Build of configuration Debug for project 05_GPIO_drivers ****
make -j12 all 
arm-none-eabi-gcc "../drivers/src/stm32f446xx_gpio_driver.c" -mcpu=cortex-m4 -std=gnu11 -g3 -DDEBUG -DSTM32 -DSTM32F4 -DSTM32F446RETx -DNUCLEO_F446RE -c -I"C:/Users/lenovo/Documents/Learning/Udemy/stm32_learn/05_GPIO_drivers/drivers/inc" -O0 -ffunction-sections -fdata-sections -Wall -fstack-usage -fcyclomatic-complexity -MMD -MP -MF"drivers/src/stm32f446xx_gpio_driver.d" -MT"drivers/src/stm32f446xx_gpio_driver.o" --specs=nano.specs -mfloat-abi=soft -mthumb -o "drivers/src/stm32f446xx_gpio_driver.o"
../drivers/src/stm32f446xx_gpio_driver.c: In function 'GPIO_IQRHandling':
../drivers/src/stm32f446xx_gpio_driver.c:419:12: error: 'EXTI_PR' undeclared (first use in this function); did you mean 'EXTI'?
  419 |         if(EXTI_PR & (1<<pinNumber))
      |            ^~~~~~~
      |            EXTI
../drivers/src/stm32f446xx_gpio_driver.c:419:12: note: each undeclared identifier is reported only once for each function it appears in
make: *** [drivers/src/subdir.mk:19: drivers/src/stm32f446xx_gpio_driver.o] Error 1
"make -j12 all" terminated with exit code 2. Build might be incomplete.
13:54:48 **** Incremental Build of configuration Debug for project 05_GPIO_drivers ****
make -j12 all 
arm-none-eabi-gcc "../drivers/src/stm32f446xx_gpio_driver.c" -mcpu=cortex-m4 -std=gnu11 -g3 -DDEBUG -DSTM32 -DSTM32F4 -DSTM32F446RETx -DNUCLEO_F446RE -c -I"C:/Users/lenovo/Documents/Learning/Udemy/stm32_learn/05_GPIO_drivers/drivers/inc" -O0 -ffunction-sections -fdata-sections -Wall -fstack-usage -fcyclomatic-complexity -MMD -MP -MF"drivers/src/stm32f446xx_gpio_driver.d" -MT"drivers/src/stm32f446xx_gpio_driver.o" --specs=nano.specs -mfloat-abi=soft -mthumb -o "drivers/src/stm32f446xx_gpio_driver.o"
arm-none-eabi-gcc -o "05_GPIO_drivers.elf" @"objects.list"   -mcpu=cortex-m4 -T"C:\Users\lenovo\Documents\Learning\Udemy\stm32_learn\05_GPIO_drivers\STM32F446RETX_FLASH.ld" --specs=nosys.specs -Wl,-Map="05_GPIO_drivers.map" -Wl,--gc-sections -static --specs=nano.specs -mfloat-abi=soft -mthumb -Wl,--start-group -lc -lm -Wl,--end-group
Finished building target: 05_GPIO_drivers.elf
 
arm-none-eabi-size  05_GPIO_drivers.elf 
arm-none-eabi-objdump -h -S 05_GPIO_drivers.elf  > "05_GPIO_drivers.list"
   text	   data	    bss	    dec	    hex	filename
    796	      0	   1568	   2364	    93c	05_GPIO_drivers.elf
Finished building: default.size.stdout
 
Finished building: 05_GPIO_drivers.list
 
15:06:24 **** Clean-only build of configuration Debug for project 05_GPIO_drivers ****
make -j12 clean 
rm -rf ./drivers/src/stm32f446xx_gpio_driver.cyclo ./drivers/src/stm32f446xx_gpio_driver.d ./drivers/src/stm32f446xx_gpio_driver.o ./drivers/src/stm32f446xx_gpio_driver.su
rm -rf ./Startup/startup_stm32f446retx.d ./Startup/startup_stm32f446retx.o
rm -rf ./Src/main.cyclo ./Src/main.d ./Src/main.o ./Src/main.su ./Src/syscalls.cyclo ./Src/syscalls.d ./Src/syscalls.o ./Src/syscalls.su ./Src/sysmem.cyclo ./Src/sysmem.d ./Src/sysmem.o ./Src/sysmem.su
rm -rf 05_GPIO_drivers.elf 05_GPIO_drivers.list 05_GPIO_drivers.map default.size.stdout
 
15:06:25 **** Incremental Build of configuration Debug for project 05_GPIO_drivers ****
make -j12 all 
arm-none-eabi-gcc "../drivers/src/stm32f446xx_gpio_driver.c" -mcpu=cortex-m4 -std=gnu11 -g3 -DDEBUG -DSTM32 -DSTM32F4 -DSTM32F446RETx -DNUCLEO_F446RE -c -I"C:/Users/lenovo/Documents/Learning/Udemy/stm32_learn/05_GPIO_drivers/drivers/inc" -O0 -ffunction-sections -fdata-sections -Wall -fstack-usage -fcyclomatic-complexity -MMD -MP -MF"drivers/src/stm32f446xx_gpio_driver.d" -MT"drivers/src/stm32f446xx_gpio_driver.o" --specs=nano.specs -mfloat-abi=soft -mthumb -o "drivers/src/stm32f446xx_gpio_driver.o"
arm-none-eabi-gcc -mcpu=cortex-m4 -g3 -DDEBUG -c -x assembler-with-cpp -MMD -MP -MF"Startup/startup_stm32f446retx.d" -MT"Startup/startup_stm32f446retx.o" --specs=nano.specs -mfloat-abi=soft -mthumb -o "Startup/startup_stm32f446retx.o" "../Startup/startup_stm32f446retx.s"
arm-none-eabi-gcc "../Src/03_Btn_Interrupt.c" -mcpu=cortex-m4 -std=gnu11 -g3 -DDEBUG -DSTM32 -DSTM32F4 -DSTM32F446RETx -DNUCLEO_F446RE -c -I"C:/Users/lenovo/Documents/Learning/Udemy/stm32_learn/05_GPIO_drivers/drivers/inc" -O0 -ffunction-sections -fdata-sections -Wall -fstack-usage -fcyclomatic-complexity -MMD -MP -MF"Src/03_Btn_Interrupt.d" -MT"Src/03_Btn_Interrupt.o" --specs=nano.specs -mfloat-abi=soft -mthumb -o "Src/03_Btn_Interrupt.o"
arm-none-eabi-gcc "../Src/syscalls.c" -mcpu=cortex-m4 -std=gnu11 -g3 -DDEBUG -DSTM32 -DSTM32F4 -DSTM32F446RETx -DNUCLEO_F446RE -c -I"C:/Users/lenovo/Documents/Learning/Udemy/stm32_learn/05_GPIO_drivers/drivers/inc" -O0 -ffunction-sections -fdata-sections -Wall -fstack-usage -fcyclomatic-complexity -MMD -MP -MF"Src/syscalls.d" -MT"Src/syscalls.o" --specs=nano.specs -mfloat-abi=soft -mthumb -o "Src/syscalls.o"
arm-none-eabi-gcc "../Src/sysmem.c" -mcpu=cortex-m4 -std=gnu11 -g3 -DDEBUG -DSTM32 -DSTM32F4 -DSTM32F446RETx -DNUCLEO_F446RE -c -I"C:/Users/lenovo/Documents/Learning/Udemy/stm32_learn/05_GPIO_drivers/drivers/inc" -O0 -ffunction-sections -fdata-sections -Wall -fstack-usage -fcyclomatic-complexity -MMD -MP -MF"Src/sysmem.d" -MT"Src/sysmem.o" --specs=nano.specs -mfloat-abi=soft -mthumb -o "Src/sysmem.o"
arm-none-eabi-gcc -o "05_GPIO_drivers.elf" @"objects.list"   -mcpu=cortex-m4 -T"C:\Users\lenovo\Documents\Learning\Udemy\stm32_learn\05_GPIO_drivers\STM32F446RETX_FLASH.ld" --specs=nosys.specs -Wl,-Map="05_GPIO_drivers.map" -Wl,--gc-sections -static --specs=nano.specs -mfloat-abi=soft -mthumb -Wl,--start-group -lc -lm -Wl,--end-group
Finished building target: 05_GPIO_drivers.elf
 
arm-none-eabi-size  05_GPIO_drivers.elf 
arm-none-eabi-objdump -h -S 05_GPIO_drivers.elf  > "05_GPIO_drivers.list"
   text	   data	    bss	    dec	    hex	filename
   2548	      0	   1568	   4116	   1014	05_GPIO_drivers.elf
Finished building: default.size.stdout
 
Finished building: 05_GPIO_drivers.list
 
15:23:42 **** Incremental Build of configuration Debug for project 05_GPIO_drivers ****
make -j12 all 
arm-none-eabi-gcc "../Src/03_Btn_Interrupt.c" -mcpu=cortex-m4 -std=gnu11 -g3 -DDEBUG -DSTM32 -DSTM32F4 -DSTM32F446RETx -DNUCLEO_F446RE -c -I"C:/Users/lenovo/Documents/Learning/Udemy/stm32_learn/05_GPIO_drivers/drivers/inc" -O0 -ffunction-sections -fdata-sections -Wall -fstack-usage -fcyclomatic-complexity -MMD -MP -MF"Src/03_Btn_Interrupt.d" -MT"Src/03_Btn_Interrupt.o" --specs=nano.specs -mfloat-abi=soft -mthumb -o "Src/03_Btn_Interrupt.o"
../Src/03_Btn_Interrupt.c: In function 'EXTI15_10_IRQHandler':
../Src/03_Btn_Interrupt.c:62:26: error: 'GPIO_PIN_NO_13' undeclared (first use in this function); did you mean 'GPIO_PIN_NUM13'?
   62 |         GPIO_IRQHandling(GPIO_PIN_NO_13);
      |                          ^~~~~~~~~~~~~~
      |                          GPIO_PIN_NUM13
../Src/03_Btn_Interrupt.c:62:26: note: each undeclared identifier is reported only once for each function it appears in
make: *** [Src/subdir.mk:25: Src/03_Btn_Interrupt.o] Error 1
"make -j12 all" terminated with exit code 2. Build might be incomplete.
15:27:46 **** Incremental Build of configuration Debug for project 05_GPIO_drivers ****
make -j12 all 
arm-none-eabi-gcc "../Src/03_Btn_Interrupt.c" -mcpu=cortex-m4 -std=gnu11 -g3 -DDEBUG -DSTM32 -DSTM32F4 -DSTM32F446RETx -DNUCLEO_F446RE -c -I"C:/Users/lenovo/Documents/Learning/Udemy/stm32_learn/05_GPIO_drivers/drivers/inc" -O0 -ffunction-sections -fdata-sections -Wall -fstack-usage -fcyclomatic-complexity -MMD -MP -MF"Src/03_Btn_Interrupt.d" -MT"Src/03_Btn_Interrupt.o" --specs=nano.specs -mfloat-abi=soft -mthumb -o "Src/03_Btn_Interrupt.o"
arm-none-eabi-gcc -o "05_GPIO_drivers.elf" @"objects.list"   -mcpu=cortex-m4 -T"C:\Users\lenovo\Documents\Learning\Udemy\stm32_learn\05_GPIO_drivers\STM32F446RETX_FLASH.ld" --specs=nosys.specs -Wl,-Map="05_GPIO_drivers.map" -Wl,--gc-sections -static --specs=nano.specs -mfloat-abi=soft -mthumb -Wl,--start-group -lc -lm -Wl,--end-group
Finished building target: 05_GPIO_drivers.elf
 
arm-none-eabi-size  05_GPIO_drivers.elf 
arm-none-eabi-objdump -h -S 05_GPIO_drivers.elf  > "05_GPIO_drivers.list"
   text	   data	    bss	    dec	    hex	filename
   2560	      0	   1568	   4128	   1020	05_GPIO_drivers.elf
Finished building: default.size.stdout
 
Finished building: 05_GPIO_drivers.list
 
16:49:30 **** Incremental Build of configuration Debug for project 05_GPIO_drivers ****
make -j12 all 
arm-none-eabi-gcc "../drivers/src/stm32f446xx_gpio_driver.c" -mcpu=cortex-m4 -std=gnu11 -g3 -DDEBUG -DSTM32 -DSTM32F4 -DSTM32F446RETx -DNUCLEO_F446RE -c -I"C:/Users/lenovo/Documents/Learning/Udemy/stm32_learn/05_GPIO_drivers/drivers/inc" -O0 -ffunction-sections -fdata-sections -Wall -fstack-usage -fcyclomatic-complexity -MMD -MP -MF"drivers/src/stm32f446xx_gpio_driver.d" -MT"drivers/src/stm32f446xx_gpio_driver.o" --specs=nano.specs -mfloat-abi=soft -mthumb -o "drivers/src/stm32f446xx_gpio_driver.o"
arm-none-eabi-gcc -o "05_GPIO_drivers.elf" @"objects.list"   -mcpu=cortex-m4 -T"C:\Users\lenovo\Documents\Learning\Udemy\stm32_learn\05_GPIO_drivers\STM32F446RETX_FLASH.ld" --specs=nosys.specs -Wl,-Map="05_GPIO_drivers.map" -Wl,--gc-sections -static --specs=nano.specs -mfloat-abi=soft -mthumb -Wl,--start-group -lc -lm -Wl,--end-group
Finished building target: 05_GPIO_drivers.elf
 
arm-none-eabi-size  05_GPIO_drivers.elf 
arm-none-eabi-objdump -h -S 05_GPIO_drivers.elf  > "05_GPIO_drivers.list"
   text	   data	    bss	    dec	    hex	filename
   2560	      0	   1568	   4128	   1020	05_GPIO_drivers.elf
Finished building: default.size.stdout
 
Finished building: 05_GPIO_drivers.list
 
10:52:17 **** Incremental Build of configuration Debug for project 05_GPIO_drivers ****
make -j12 all 
arm-none-eabi-size  05_GPIO_drivers.elf 
   text	   data	    bss	    dec	    hex	filename
   2560	      0	   1568	   4128	   1020	05_GPIO_drivers.elf
Finished building: default.size.stdout
 
12:48:42 **** Incremental Build of configuration Debug for project 05_GPIO_drivers ****
make -j12 all 
arm-none-eabi-gcc "../drivers/src/stm32f446xx_gpio_driver.c" -mcpu=cortex-m4 -std=gnu11 -g3 -DDEBUG -DSTM32 -DSTM32F4 -DSTM32F446RETx -DNUCLEO_F446RE -c -I"C:/Users/lenovo/Documents/Learning/Udemy/stm32_learn/05_GPIO_drivers/drivers/inc" -O0 -ffunction-sections -fdata-sections -Wall -fstack-usage -fcyclomatic-complexity -MMD -MP -MF"drivers/src/stm32f446xx_gpio_driver.d" -MT"drivers/src/stm32f446xx_gpio_driver.o" --specs=nano.specs -mfloat-abi=soft -mthumb -o "drivers/src/stm32f446xx_gpio_driver.o"
arm-none-eabi-gcc "../Src/03_Btn_Interrupt.c" -mcpu=cortex-m4 -std=gnu11 -g3 -DDEBUG -DSTM32 -DSTM32F4 -DSTM32F446RETx -DNUCLEO_F446RE -c -I"C:/Users/lenovo/Documents/Learning/Udemy/stm32_learn/05_GPIO_drivers/drivers/inc" -O0 -ffunction-sections -fdata-sections -Wall -fstack-usage -fcyclomatic-complexity -MMD -MP -MF"Src/03_Btn_Interrupt.d" -MT"Src/03_Btn_Interrupt.o" --specs=nano.specs -mfloat-abi=soft -mthumb -o "Src/03_Btn_Interrupt.o"
arm-none-eabi-gcc -o "05_GPIO_drivers.elf" @"objects.list"   -mcpu=cortex-m4 -T"C:\Users\lenovo\Documents\Learning\Udemy\stm32_learn\05_GPIO_drivers\STM32F446RETX_FLASH.ld" --specs=nosys.specs -Wl,-Map="05_GPIO_drivers.map" -Wl,--gc-sections -static --specs=nano.specs -mfloat-abi=soft -mthumb -Wl,--start-group -lc -lm -Wl,--end-group
Finished building target: 05_GPIO_drivers.elf
 
arm-none-eabi-size  05_GPIO_drivers.elf 
arm-none-eabi-objdump -h -S 05_GPIO_drivers.elf  > "05_GPIO_drivers.list"
   text	   data	    bss	    dec	    hex	filename
   2560	      0	   1568	   4128	   1020	05_GPIO_drivers.elf
Finished building: default.size.stdout
 
Finished building: 05_GPIO_drivers.list
 
12:39:15 **** Clean-only build of configuration Debug for project 05_GPIO_drivers ****
make -j12 clean 
rm -rf ./drivers/src/stm32f446xx_gpio_driver.cyclo ./drivers/src/stm32f446xx_gpio_driver.d ./drivers/src/stm32f446xx_gpio_driver.o ./drivers/src/stm32f446xx_gpio_driver.su
rm -rf ./Startup/startup_stm32f446retx.d ./Startup/startup_stm32f446retx.o
rm -rf ./Src/03_Btn_Interrupt.cyclo ./Src/03_Btn_Interrupt.d ./Src/03_Btn_Interrupt.o ./Src/03_Btn_Interrupt.su ./Src/syscalls.cyclo ./Src/syscalls.d ./Src/syscalls.o ./Src/syscalls.su ./Src/sysmem.cyclo ./Src/sysmem.d ./Src/sysmem.o ./Src/sysmem.su
rm -rf 05_GPIO_drivers.elf 05_GPIO_drivers.list 05_GPIO_drivers.map default.size.stdout
 
12:39:16 **** Incremental Build of configuration Debug for project 05_GPIO_drivers ****
make -j12 all 
arm-none-eabi-gcc "../drivers/src/stm32f446xx_gpio_driver.c" -mcpu=cortex-m4 -std=gnu11 -g3 -DDEBUG -DSTM32 -DSTM32F4 -DSTM32F446RETx -DNUCLEO_F446RE -c -I"C:/Users/lenovo/Documents/Learning/Udemy/stm32_learn/05_GPIO_drivers/drivers/inc" -O0 -ffunction-sections -fdata-sections -Wall -fstack-usage -fcyclomatic-complexity -MMD -MP -MF"drivers/src/stm32f446xx_gpio_driver.d" -MT"drivers/src/stm32f446xx_gpio_driver.o" --specs=nano.specs -mfloat-abi=soft -mthumb -o "drivers/src/stm32f446xx_gpio_driver.o"
arm-none-eabi-gcc "../drivers/src/stm32f446xx_spi_driver.c" -mcpu=cortex-m4 -std=gnu11 -g3 -DDEBUG -DSTM32 -DSTM32F4 -DSTM32F446RETx -DNUCLEO_F446RE -c -I"C:/Users/lenovo/Documents/Learning/Udemy/stm32_learn/05_GPIO_drivers/drivers/inc" -O0 -ffunction-sections -fdata-sections -Wall -fstack-usage -fcyclomatic-complexity -MMD -MP -MF"drivers/src/stm32f446xx_spi_driver.d" -MT"drivers/src/stm32f446xx_spi_driver.o" --specs=nano.specs -mfloat-abi=soft -mthumb -o "drivers/src/stm32f446xx_spi_driver.o"
arm-none-eabi-gcc -mcpu=cortex-m4 -g3 -DDEBUG -c -x assembler-with-cpp -MMD -MP -MF"Startup/startup_stm32f446retx.d" -MT"Startup/startup_stm32f446retx.o" --specs=nano.specs -mfloat-abi=soft -mthumb -o "Startup/startup_stm32f446retx.o" "../Startup/startup_stm32f446retx.s"
arm-none-eabi-gcc "../Src/03_Btn_Interrupt.c" -mcpu=cortex-m4 -std=gnu11 -g3 -DDEBUG -DSTM32 -DSTM32F4 -DSTM32F446RETx -DNUCLEO_F446RE -c -I"C:/Users/lenovo/Documents/Learning/Udemy/stm32_learn/05_GPIO_drivers/drivers/inc" -O0 -ffunction-sections -fdata-sections -Wall -fstack-usage -fcyclomatic-complexity -MMD -MP -MF"Src/03_Btn_Interrupt.d" -MT"Src/03_Btn_Interrupt.o" --specs=nano.specs -mfloat-abi=soft -mthumb -o "Src/03_Btn_Interrupt.o"
arm-none-eabi-gcc "../Src/syscalls.c" -mcpu=cortex-m4 -std=gnu11 -g3 -DDEBUG -DSTM32 -DSTM32F4 -DSTM32F446RETx -DNUCLEO_F446RE -c -I"C:/Users/lenovo/Documents/Learning/Udemy/stm32_learn/05_GPIO_drivers/drivers/inc" -O0 -ffunction-sections -fdata-sections -Wall -fstack-usage -fcyclomatic-complexity -MMD -MP -MF"Src/syscalls.d" -MT"Src/syscalls.o" --specs=nano.specs -mfloat-abi=soft -mthumb -o "Src/syscalls.o"
arm-none-eabi-gcc "../Src/sysmem.c" -mcpu=cortex-m4 -std=gnu11 -g3 -DDEBUG -DSTM32 -DSTM32F4 -DSTM32F446RETx -DNUCLEO_F446RE -c -I"C:/Users/lenovo/Documents/Learning/Udemy/stm32_learn/05_GPIO_drivers/drivers/inc" -O0 -ffunction-sections -fdata-sections -Wall -fstack-usage -fcyclomatic-complexity -MMD -MP -MF"Src/sysmem.d" -MT"Src/sysmem.o" --specs=nano.specs -mfloat-abi=soft -mthumb -o "Src/sysmem.o"
arm-none-eabi-gcc -o "05_GPIO_drivers.elf" @"objects.list"   -mcpu=cortex-m4 -T"C:\Users\lenovo\Documents\Learning\Udemy\stm32_learn\05_GPIO_drivers\STM32F446RETX_FLASH.ld" --specs=nosys.specs -Wl,-Map="05_GPIO_drivers.map" -Wl,--gc-sections -static --specs=nano.specs -mfloat-abi=soft -mthumb -Wl,--start-group -lc -lm -Wl,--end-group
Finished building target: 05_GPIO_drivers.elf
 
arm-none-eabi-size  05_GPIO_drivers.elf 
arm-none-eabi-objdump -h -S 05_GPIO_drivers.elf  > "05_GPIO_drivers.list"
   text	   data	    bss	    dec	    hex	filename
   2560	      0	   1568	   4128	   1020	05_GPIO_drivers.elf
Finished building: default.size.stdout
 
Finished building: 05_GPIO_drivers.list
 
13:12:41 **** Incremental Build of configuration Debug for project 05_GPIO_drivers ****
make -j12 all 
arm-none-eabi-gcc "../drivers/src/stm32f446xx_gpio_driver.c" -mcpu=cortex-m4 -std=gnu11 -g3 -DDEBUG -DSTM32 -DSTM32F4 -DSTM32F446RETx -DNUCLEO_F446RE -c -I"C:/Users/lenovo/Documents/Learning/Udemy/stm32_learn/05_GPIO_drivers/drivers/inc" -O0 -ffunction-sections -fdata-sections -Wall -fstack-usage -fcyclomatic-complexity -MMD -MP -MF"drivers/src/stm32f446xx_gpio_driver.d" -MT"drivers/src/stm32f446xx_gpio_driver.o" --specs=nano.specs -mfloat-abi=soft -mthumb -o "drivers/src/stm32f446xx_gpio_driver.o"
arm-none-eabi-gcc "../Src/03_Btn_Interrupt.c" -mcpu=cortex-m4 -std=gnu11 -g3 -DDEBUG -DSTM32 -DSTM32F4 -DSTM32F446RETx -DNUCLEO_F446RE -c -I"C:/Users/lenovo/Documents/Learning/Udemy/stm32_learn/05_GPIO_drivers/drivers/inc" -O0 -ffunction-sections -fdata-sections -Wall -fstack-usage -fcyclomatic-complexity -MMD -MP -MF"Src/03_Btn_Interrupt.d" -MT"Src/03_Btn_Interrupt.o" --specs=nano.specs -mfloat-abi=soft -mthumb -o "Src/03_Btn_Interrupt.o"
arm-none-eabi-gcc -o "05_GPIO_drivers.elf" @"objects.list"   -mcpu=cortex-m4 -T"C:\Users\lenovo\Documents\Learning\Udemy\stm32_learn\05_GPIO_drivers\STM32F446RETX_FLASH.ld" --specs=nosys.specs -Wl,-Map="05_GPIO_drivers.map" -Wl,--gc-sections -static --specs=nano.specs -mfloat-abi=soft -mthumb -Wl,--start-group -lc -lm -Wl,--end-group
Finished building target: 05_GPIO_drivers.elf
 
arm-none-eabi-size  05_GPIO_drivers.elf 
arm-none-eabi-objdump -h -S 05_GPIO_drivers.elf  > "05_GPIO_drivers.list"
   text	   data	    bss	    dec	    hex	filename
   2560	      0	   1568	   4128	   1020	05_GPIO_drivers.elf
Finished building: default.size.stdout
 
Finished building: 05_GPIO_drivers.list
 
13:43:55 **** Incremental Build of configuration Debug for project 05_GPIO_drivers ****
make -j12 all 
arm-none-eabi-gcc "../drivers/src/stm32f446xx_gpio_driver.c" -mcpu=cortex-m4 -std=gnu11 -g3 -DDEBUG -DSTM32 -DSTM32F4 -DSTM32F446RETx -DNUCLEO_F446RE -c -I"C:/Users/lenovo/Documents/Learning/Udemy/stm32_learn/05_GPIO_drivers/drivers/inc" -O0 -ffunction-sections -fdata-sections -Wall -fstack-usage -fcyclomatic-complexity -MMD -MP -MF"drivers/src/stm32f446xx_gpio_driver.d" -MT"drivers/src/stm32f446xx_gpio_driver.o" --specs=nano.specs -mfloat-abi=soft -mthumb -o "drivers/src/stm32f446xx_gpio_driver.o"
arm-none-eabi-gcc "../drivers/src/stm32f446xx_spi_driver.c" -mcpu=cortex-m4 -std=gnu11 -g3 -DDEBUG -DSTM32 -DSTM32F4 -DSTM32F446RETx -DNUCLEO_F446RE -c -I"C:/Users/lenovo/Documents/Learning/Udemy/stm32_learn/05_GPIO_drivers/drivers/inc" -O0 -ffunction-sections -fdata-sections -Wall -fstack-usage -fcyclomatic-complexity -MMD -MP -MF"drivers/src/stm32f446xx_spi_driver.d" -MT"drivers/src/stm32f446xx_spi_driver.o" --specs=nano.specs -mfloat-abi=soft -mthumb -o "drivers/src/stm32f446xx_spi_driver.o"
arm-none-eabi-gcc "../Src/03_Btn_Interrupt.c" -mcpu=cortex-m4 -std=gnu11 -g3 -DDEBUG -DSTM32 -DSTM32F4 -DSTM32F446RETx -DNUCLEO_F446RE -c -I"C:/Users/lenovo/Documents/Learning/Udemy/stm32_learn/05_GPIO_drivers/drivers/inc" -O0 -ffunction-sections -fdata-sections -Wall -fstack-usage -fcyclomatic-complexity -MMD -MP -MF"Src/03_Btn_Interrupt.d" -MT"Src/03_Btn_Interrupt.o" --specs=nano.specs -mfloat-abi=soft -mthumb -o "Src/03_Btn_Interrupt.o"
In file included from ../drivers/src/stm32f446xx_spi_driver.c:9:
C:/Users/lenovo/Documents/Learning/Udemy/stm32_learn/05_GPIO_drivers/drivers/inc/stm32f446xx_spi_driver.h:14:9: error: unknown type name 'uint8_t'
   14 |         uint8_t SPI_DeviceMode;
      |         ^~~~~~~
C:/Users/lenovo/Documents/Learning/Udemy/stm32_learn/05_GPIO_drivers/drivers/inc/stm32f446xx_spi_driver.h:15:9: error: unknown type name 'uint8_t'
   15 |         uint8_t SPI_BusConfig;
      |         ^~~~~~~
C:/Users/lenovo/Documents/Learning/Udemy/stm32_learn/05_GPIO_drivers/drivers/inc/stm32f446xx_spi_driver.h:16:9: error: unknown type name 'uint8_t'
   16 |         uint8_t SPI_SclkSpeed;
      |         ^~~~~~~
C:/Users/lenovo/Documents/Learning/Udemy/stm32_learn/05_GPIO_drivers/drivers/inc/stm32f446xx_spi_driver.h:17:9: error: unknown type name 'uint8_t'
   17 |         uint8_t SPI_DFF;
      |         ^~~~~~~
C:/Users/lenovo/Documents/Learning/Udemy/stm32_learn/05_GPIO_drivers/drivers/inc/stm32f446xx_spi_driver.h:18:9: error: unknown type name 'uint8_t'
   18 |         uint8_t SPI_CPOL;
      |         ^~~~~~~
C:/Users/lenovo/Documents/Learning/Udemy/stm32_learn/05_GPIO_drivers/drivers/inc/stm32f446xx_spi_driver.h:19:9: error: unknown type name 'uint8_t'
   19 |         uint8_t SPI_CPHA;
      |         ^~~~~~~
C:/Users/lenovo/Documents/Learning/Udemy/stm32_learn/05_GPIO_drivers/drivers/inc/stm32f446xx_spi_driver.h:20:9: error: unknown type name 'uint8_t'
   20 |         uint8_t SPI_SSM;
      |         ^~~~~~~
C:/Users/lenovo/Documents/Learning/Udemy/stm32_learn/05_GPIO_drivers/drivers/inc/stm32f446xx_spi_driver.h:25:9: error: unknown type name 'SPI_RegDef_t'
   25 |         SPI_RegDef_t *pSPIx;
      |         ^~~~~~~~~~~~
C:/Users/lenovo/Documents/Learning/Udemy/stm32_learn/05_GPIO_drivers/drivers/inc/stm32f446xx_spi_driver.h:31:20: error: unknown type name 'SPI_RegDef_t'
   31 | void SPI_PClk_Ctrl(SPI_RegDef_t *pGPIOx, uint8_t status);
      |                    ^~~~~~~~~~~~
C:/Users/lenovo/Documents/Learning/Udemy/stm32_learn/05_GPIO_drivers/drivers/inc/stm32f446xx_spi_driver.h:31:42: error: unknown type name 'uint8_t'
   31 | void SPI_PClk_Ctrl(SPI_RegDef_t *pGPIOx, uint8_t status);
      |                                          ^~~~~~~
C:/Users/lenovo/Documents/Learning/Udemy/stm32_learn/05_GPIO_drivers/drivers/inc/stm32f446xx_spi_driver.h:1:1: note: 'uint8_t' is defined in header '<stdint.h>'; did you forget to '#include <stdint.h>'?
  +++ |+#include <stdint.h>
    1 | /*
C:/Users/lenovo/Documents/Learning/Udemy/stm32_learn/05_GPIO_drivers/drivers/inc/stm32f446xx_spi_driver.h:41:19: error: unknown type name 'SPI_RegDef_t'
   41 | void SPI_SendData(SPI_RegDef_t *pSPIx,uint8_t *pTXBuffer, uint32_t len);
      |                   ^~~~~~~~~~~~
C:/Users/lenovo/Documents/Learning/Udemy/stm32_learn/05_GPIO_drivers/drivers/inc/stm32f446xx_spi_driver.h:41:39: error: unknown type name 'uint8_t'
   41 | void SPI_SendData(SPI_RegDef_t *pSPIx,uint8_t *pTXBuffer, uint32_t len);
      |                                       ^~~~~~~
C:/Users/lenovo/Documents/Learning/Udemy/stm32_learn/05_GPIO_drivers/drivers/inc/stm32f446xx_spi_driver.h:41:39: note: 'uint8_t' is defined in header '<stdint.h>'; did you forget to '#include <stdint.h>'?
C:/Users/lenovo/Documents/Learning/Udemy/stm32_learn/05_GPIO_drivers/drivers/inc/stm32f446xx_spi_driver.h:41:59: error: unknown type name 'uint32_t'
   41 | void SPI_SendData(SPI_RegDef_t *pSPIx,uint8_t *pTXBuffer, uint32_t len);
      |                                                           ^~~~~~~~
C:/Users/lenovo/Documents/Learning/Udemy/stm32_learn/05_GPIO_drivers/drivers/inc/stm32f446xx_spi_driver.h:41:59: note: 'uint32_t' is defined in header '<stdint.h>'; did you forget to '#include <stdint.h>'?
C:/Users/lenovo/Documents/Learning/Udemy/stm32_learn/05_GPIO_drivers/drivers/inc/stm32f446xx_spi_driver.h:42:22: error: unknown type name 'SPI_RegDef_t'
   42 | void SPI_ReceiveData(SPI_RegDef_t *pSPIx,uint8_t *pRXBuffer, uint32_t len);
      |                      ^~~~~~~~~~~~
C:/Users/lenovo/Documents/Learning/Udemy/stm32_learn/05_GPIO_drivers/drivers/inc/stm32f446xx_spi_driver.h:42:42: error: unknown type name 'uint8_t'
   42 | void SPI_ReceiveData(SPI_RegDef_t *pSPIx,uint8_t *pRXBuffer, uint32_t len);
      |                                          ^~~~~~~
C:/Users/lenovo/Documents/Learning/Udemy/stm32_learn/05_GPIO_drivers/drivers/inc/stm32f446xx_spi_driver.h:42:42: note: 'uint8_t' is defined in header '<stdint.h>'; did you forget to '#include <stdint.h>'?
C:/Users/lenovo/Documents/Learning/Udemy/stm32_learn/05_GPIO_drivers/drivers/inc/stm32f446xx_spi_driver.h:42:62: error: unknown type name 'uint32_t'
   42 | void SPI_ReceiveData(SPI_RegDef_t *pSPIx,uint8_t *pRXBuffer, uint32_t len);
      |                                                              ^~~~~~~~
C:/Users/lenovo/Documents/Learning/Udemy/stm32_learn/05_GPIO_drivers/drivers/inc/stm32f446xx_spi_driver.h:42:62: note: 'uint32_t' is defined in header '<stdint.h>'; did you forget to '#include <stdint.h>'?
C:/Users/lenovo/Documents/Learning/Udemy/stm32_learn/05_GPIO_drivers/drivers/inc/stm32f446xx_spi_driver.h:47:29: error: unknown type name 'uint8_t'
   47 | void SPI_IRQInterruptConfig(uint8_t IRQNumber, uint8_t status);
      |                             ^~~~~~~
C:/Users/lenovo/Documents/Learning/Udemy/stm32_learn/05_GPIO_drivers/drivers/inc/stm32f446xx_spi_driver.h:47:29: note: 'uint8_t' is defined in header '<stdint.h>'; did you forget to '#include <stdint.h>'?
C:/Users/lenovo/Documents/Learning/Udemy/stm32_learn/05_GPIO_drivers/drivers/inc/stm32f446xx_spi_driver.h:47:48: error: unknown type name 'uint8_t'
   47 | void SPI_IRQInterruptConfig(uint8_t IRQNumber, uint8_t status);
      |                                                ^~~~~~~
C:/Users/lenovo/Documents/Learning/Udemy/stm32_learn/05_GPIO_drivers/drivers/inc/stm32f446xx_spi_driver.h:47:48: note: 'uint8_t' is defined in header '<stdint.h>'; did you forget to '#include <stdint.h>'?
C:/Users/lenovo/Documents/Learning/Udemy/stm32_learn/05_GPIO_drivers/drivers/inc/stm32f446xx_spi_driver.h:48:28: error: unknown type name 'uint8_t'
   48 | void SPI_IRQPriorityConfig(uint8_t IRQNumber, uint8_t IRQPriority);
      |                            ^~~~~~~
C:/Users/lenovo/Documents/Learning/Udemy/stm32_learn/05_GPIO_drivers/drivers/inc/stm32f446xx_spi_driver.h:48:28: note: 'uint8_t' is defined in header '<stdint.h>'; did you forget to '#include <stdint.h>'?
C:/Users/lenovo/Documents/Learning/Udemy/stm32_learn/05_GPIO_drivers/drivers/inc/stm32f446xx_spi_driver.h:48:47: error: unknown type name 'uint8_t'
   48 | void SPI_IRQPriorityConfig(uint8_t IRQNumber, uint8_t IRQPriority);
      |                                               ^~~~~~~
C:/Users/lenovo/Documents/Learning/Udemy/stm32_learn/05_GPIO_drivers/drivers/inc/stm32f446xx_spi_driver.h:48:47: note: 'uint8_t' is defined in header '<stdint.h>'; did you forget to '#include <stdint.h>'?
make: *** [drivers/src/subdir.mk:22: drivers/src/stm32f446xx_spi_driver.o] Error 1
make: *** Waiting for unfinished jobs....
"make -j12 all" terminated with exit code 2. Build might be incomplete.
13:44:35 **** Incremental Build of configuration Debug for project 05_GPIO_drivers ****
make -j12 all 
arm-none-eabi-gcc "../drivers/src/stm32f446xx_spi_driver.c" -mcpu=cortex-m4 -std=gnu11 -g3 -DDEBUG -DSTM32 -DSTM32F4 -DSTM32F446RETx -DNUCLEO_F446RE -c -I"C:/Users/lenovo/Documents/Learning/Udemy/stm32_learn/05_GPIO_drivers/drivers/inc" -O0 -ffunction-sections -fdata-sections -Wall -fstack-usage -fcyclomatic-complexity -MMD -MP -MF"drivers/src/stm32f446xx_spi_driver.d" -MT"drivers/src/stm32f446xx_spi_driver.o" --specs=nano.specs -mfloat-abi=soft -mthumb -o "drivers/src/stm32f446xx_spi_driver.o"
arm-none-eabi-gcc -o "05_GPIO_drivers.elf" @"objects.list"   -mcpu=cortex-m4 -T"C:\Users\lenovo\Documents\Learning\Udemy\stm32_learn\05_GPIO_drivers\STM32F446RETX_FLASH.ld" --specs=nosys.specs -Wl,-Map="05_GPIO_drivers.map" -Wl,--gc-sections -static --specs=nano.specs -mfloat-abi=soft -mthumb -Wl,--start-group -lc -lm -Wl,--end-group
Finished building target: 05_GPIO_drivers.elf
 
arm-none-eabi-size  05_GPIO_drivers.elf 
arm-none-eabi-objdump -h -S 05_GPIO_drivers.elf  > "05_GPIO_drivers.list"
   text	   data	    bss	    dec	    hex	filename
   2560	      0	   1568	   4128	   1020	05_GPIO_drivers.elf
Finished building: default.size.stdout
 
Finished building: 05_GPIO_drivers.list
 
13:52:00 **** Incremental Build of configuration Debug for project 05_GPIO_drivers ****
make -j12 all 
arm-none-eabi-gcc "../drivers/src/stm32f446xx_spi_driver.c" -mcpu=cortex-m4 -std=gnu11 -g3 -DDEBUG -DSTM32 -DSTM32F4 -DSTM32F446RETx -DNUCLEO_F446RE -c -I"C:/Users/lenovo/Documents/Learning/Udemy/stm32_learn/05_GPIO_drivers/drivers/inc" -O0 -ffunction-sections -fdata-sections -Wall -fstack-usage -fcyclomatic-complexity -MMD -MP -MF"drivers/src/stm32f446xx_spi_driver.d" -MT"drivers/src/stm32f446xx_spi_driver.o" --specs=nano.specs -mfloat-abi=soft -mthumb -o "drivers/src/stm32f446xx_spi_driver.o"
arm-none-eabi-gcc -o "05_GPIO_drivers.elf" @"objects.list"   -mcpu=cortex-m4 -T"C:\Users\lenovo\Documents\Learning\Udemy\stm32_learn\05_GPIO_drivers\STM32F446RETX_FLASH.ld" --specs=nosys.specs -Wl,-Map="05_GPIO_drivers.map" -Wl,--gc-sections -static --specs=nano.specs -mfloat-abi=soft -mthumb -Wl,--start-group -lc -lm -Wl,--end-group
Finished building target: 05_GPIO_drivers.elf
 
arm-none-eabi-size  05_GPIO_drivers.elf 
arm-none-eabi-objdump -h -S 05_GPIO_drivers.elf  > "05_GPIO_drivers.list"
   text	   data	    bss	    dec	    hex	filename
   2560	      0	   1568	   4128	   1020	05_GPIO_drivers.elf
Finished building: default.size.stdout
 
Finished building: 05_GPIO_drivers.list
 
13:56:01 **** Incremental Build of configuration Debug for project 05_GPIO_drivers ****
make -j12 all 
arm-none-eabi-size  05_GPIO_drivers.elf 
   text	   data	    bss	    dec	    hex	filename
   2560	      0	   1568	   4128	   1020	05_GPIO_drivers.elf
Finished building: default.size.stdout
 
14:27:25 **** Incremental Build of configuration Debug for project 05_GPIO_drivers ****
make -j12 all 
arm-none-eabi-gcc "../drivers/src/stm32f446xx_gpio_driver.c" -mcpu=cortex-m4 -std=gnu11 -g3 -DDEBUG -DSTM32 -DSTM32F4 -DSTM32F446RETx -DNUCLEO_F446RE -c -I"C:/Users/lenovo/Documents/Learning/Udemy/stm32_learn/05_GPIO_drivers/drivers/inc" -O0 -ffunction-sections -fdata-sections -Wall -fstack-usage -fcyclomatic-complexity -MMD -MP -MF"drivers/src/stm32f446xx_gpio_driver.d" -MT"drivers/src/stm32f446xx_gpio_driver.o" --specs=nano.specs -mfloat-abi=soft -mthumb -o "drivers/src/stm32f446xx_gpio_driver.o"
arm-none-eabi-gcc "../drivers/src/stm32f446xx_spi_driver.c" -mcpu=cortex-m4 -std=gnu11 -g3 -DDEBUG -DSTM32 -DSTM32F4 -DSTM32F446RETx -DNUCLEO_F446RE -c -I"C:/Users/lenovo/Documents/Learning/Udemy/stm32_learn/05_GPIO_drivers/drivers/inc" -O0 -ffunction-sections -fdata-sections -Wall -fstack-usage -fcyclomatic-complexity -MMD -MP -MF"drivers/src/stm32f446xx_spi_driver.d" -MT"drivers/src/stm32f446xx_spi_driver.o" --specs=nano.specs -mfloat-abi=soft -mthumb -o "drivers/src/stm32f446xx_spi_driver.o"
arm-none-eabi-gcc "../Src/03_Btn_Interrupt.c" -mcpu=cortex-m4 -std=gnu11 -g3 -DDEBUG -DSTM32 -DSTM32F4 -DSTM32F446RETx -DNUCLEO_F446RE -c -I"C:/Users/lenovo/Documents/Learning/Udemy/stm32_learn/05_GPIO_drivers/drivers/inc" -O0 -ffunction-sections -fdata-sections -Wall -fstack-usage -fcyclomatic-complexity -MMD -MP -MF"Src/03_Btn_Interrupt.d" -MT"Src/03_Btn_Interrupt.o" --specs=nano.specs -mfloat-abi=soft -mthumb -o "Src/03_Btn_Interrupt.o"
arm-none-eabi-gcc -o "05_GPIO_drivers.elf" @"objects.list"   -mcpu=cortex-m4 -T"C:\Users\lenovo\Documents\Learning\Udemy\stm32_learn\05_GPIO_drivers\STM32F446RETX_FLASH.ld" --specs=nosys.specs -Wl,-Map="05_GPIO_drivers.map" -Wl,--gc-sections -static --specs=nano.specs -mfloat-abi=soft -mthumb -Wl,--start-group -lc -lm -Wl,--end-group
Finished building target: 05_GPIO_drivers.elf
 
arm-none-eabi-size  05_GPIO_drivers.elf 
arm-none-eabi-objdump -h -S 05_GPIO_drivers.elf  > "05_GPIO_drivers.list"
   text	   data	    bss	    dec	    hex	filename
   2560	      0	   1568	   4128	   1020	05_GPIO_drivers.elf
Finished building: default.size.stdout
 
Finished building: 05_GPIO_drivers.list
 
14:28:19 **** Incremental Build of configuration Debug for project 05_GPIO_drivers ****
make -j12 all 
arm-none-eabi-gcc "../drivers/src/stm32f446xx_gpio_driver.c" -mcpu=cortex-m4 -std=gnu11 -g3 -DDEBUG -DSTM32 -DSTM32F4 -DSTM32F446RETx -DNUCLEO_F446RE -c -I"C:/Users/lenovo/Documents/Learning/Udemy/stm32_learn/05_GPIO_drivers/drivers/inc" -O0 -ffunction-sections -fdata-sections -Wall -fstack-usage -fcyclomatic-complexity -MMD -MP -MF"drivers/src/stm32f446xx_gpio_driver.d" -MT"drivers/src/stm32f446xx_gpio_driver.o" --specs=nano.specs -mfloat-abi=soft -mthumb -o "drivers/src/stm32f446xx_gpio_driver.o"
arm-none-eabi-gcc "../drivers/src/stm32f446xx_spi_driver.c" -mcpu=cortex-m4 -std=gnu11 -g3 -DDEBUG -DSTM32 -DSTM32F4 -DSTM32F446RETx -DNUCLEO_F446RE -c -I"C:/Users/lenovo/Documents/Learning/Udemy/stm32_learn/05_GPIO_drivers/drivers/inc" -O0 -ffunction-sections -fdata-sections -Wall -fstack-usage -fcyclomatic-complexity -MMD -MP -MF"drivers/src/stm32f446xx_spi_driver.d" -MT"drivers/src/stm32f446xx_spi_driver.o" --specs=nano.specs -mfloat-abi=soft -mthumb -o "drivers/src/stm32f446xx_spi_driver.o"
arm-none-eabi-gcc "../Src/03_Btn_Interrupt.c" -mcpu=cortex-m4 -std=gnu11 -g3 -DDEBUG -DSTM32 -DSTM32F4 -DSTM32F446RETx -DNUCLEO_F446RE -c -I"C:/Users/lenovo/Documents/Learning/Udemy/stm32_learn/05_GPIO_drivers/drivers/inc" -O0 -ffunction-sections -fdata-sections -Wall -fstack-usage -fcyclomatic-complexity -MMD -MP -MF"Src/03_Btn_Interrupt.d" -MT"Src/03_Btn_Interrupt.o" --specs=nano.specs -mfloat-abi=soft -mthumb -o "Src/03_Btn_Interrupt.o"
arm-none-eabi-gcc -o "05_GPIO_drivers.elf" @"objects.list"   -mcpu=cortex-m4 -T"C:\Users\lenovo\Documents\Learning\Udemy\stm32_learn\05_GPIO_drivers\STM32F446RETX_FLASH.ld" --specs=nosys.specs -Wl,-Map="05_GPIO_drivers.map" -Wl,--gc-sections -static --specs=nano.specs -mfloat-abi=soft -mthumb -Wl,--start-group -lc -lm -Wl,--end-group
Finished building target: 05_GPIO_drivers.elf
 
arm-none-eabi-size  05_GPIO_drivers.elf 
arm-none-eabi-objdump -h -S 05_GPIO_drivers.elf  > "05_GPIO_drivers.list"
   text	   data	    bss	    dec	    hex	filename
   2560	      0	   1568	   4128	   1020	05_GPIO_drivers.elf
Finished building: default.size.stdout
 
Finished building: 05_GPIO_drivers.list
 
14:29:37 **** Incremental Build of configuration Debug for project 05_GPIO_drivers ****
make -j12 all 
arm-none-eabi-gcc "../drivers/src/stm32f446xx_gpio_driver.c" -mcpu=cortex-m4 -std=gnu11 -g3 -DDEBUG -DSTM32 -DSTM32F4 -DSTM32F446RETx -DNUCLEO_F446RE -c -I"C:/Users/lenovo/Documents/Learning/Udemy/stm32_learn/05_GPIO_drivers/drivers/inc" -O0 -ffunction-sections -fdata-sections -Wall -fstack-usage -fcyclomatic-complexity -MMD -MP -MF"drivers/src/stm32f446xx_gpio_driver.d" -MT"drivers/src/stm32f446xx_gpio_driver.o" --specs=nano.specs -mfloat-abi=soft -mthumb -o "drivers/src/stm32f446xx_gpio_driver.o"
arm-none-eabi-gcc "../drivers/src/stm32f446xx_spi_driver.c" -mcpu=cortex-m4 -std=gnu11 -g3 -DDEBUG -DSTM32 -DSTM32F4 -DSTM32F446RETx -DNUCLEO_F446RE -c -I"C:/Users/lenovo/Documents/Learning/Udemy/stm32_learn/05_GPIO_drivers/drivers/inc" -O0 -ffunction-sections -fdata-sections -Wall -fstack-usage -fcyclomatic-complexity -MMD -MP -MF"drivers/src/stm32f446xx_spi_driver.d" -MT"drivers/src/stm32f446xx_spi_driver.o" --specs=nano.specs -mfloat-abi=soft -mthumb -o "drivers/src/stm32f446xx_spi_driver.o"
arm-none-eabi-gcc "../Src/03_Btn_Interrupt.c" -mcpu=cortex-m4 -std=gnu11 -g3 -DDEBUG -DSTM32 -DSTM32F4 -DSTM32F446RETx -DNUCLEO_F446RE -c -I"C:/Users/lenovo/Documents/Learning/Udemy/stm32_learn/05_GPIO_drivers/drivers/inc" -O0 -ffunction-sections -fdata-sections -Wall -fstack-usage -fcyclomatic-complexity -MMD -MP -MF"Src/03_Btn_Interrupt.d" -MT"Src/03_Btn_Interrupt.o" --specs=nano.specs -mfloat-abi=soft -mthumb -o "Src/03_Btn_Interrupt.o"
arm-none-eabi-gcc -o "05_GPIO_drivers.elf" @"objects.list"   -mcpu=cortex-m4 -T"C:\Users\lenovo\Documents\Learning\Udemy\stm32_learn\05_GPIO_drivers\STM32F446RETX_FLASH.ld" --specs=nosys.specs -Wl,-Map="05_GPIO_drivers.map" -Wl,--gc-sections -static --specs=nano.specs -mfloat-abi=soft -mthumb -Wl,--start-group -lc -lm -Wl,--end-group
Finished building target: 05_GPIO_drivers.elf
 
arm-none-eabi-size  05_GPIO_drivers.elf 
arm-none-eabi-objdump -h -S 05_GPIO_drivers.elf  > "05_GPIO_drivers.list"
   text	   data	    bss	    dec	    hex	filename
   2560	      0	   1568	   4128	   1020	05_GPIO_drivers.elf
Finished building: default.size.stdout
 
Finished building: 05_GPIO_drivers.list
 
14:30:57 **** Incremental Build of configuration Debug for project 05_GPIO_drivers ****
make -j12 all 
arm-none-eabi-gcc "../drivers/src/stm32f446xx_gpio_driver.c" -mcpu=cortex-m4 -std=gnu11 -g3 -DDEBUG -DSTM32 -DSTM32F4 -DSTM32F446RETx -DNUCLEO_F446RE -c -I"C:/Users/lenovo/Documents/Learning/Udemy/stm32_learn/05_GPIO_drivers/drivers/inc" -O0 -ffunction-sections -fdata-sections -Wall -fstack-usage -fcyclomatic-complexity -MMD -MP -MF"drivers/src/stm32f446xx_gpio_driver.d" -MT"drivers/src/stm32f446xx_gpio_driver.o" --specs=nano.specs -mfloat-abi=soft -mthumb -o "drivers/src/stm32f446xx_gpio_driver.o"
arm-none-eabi-gcc "../drivers/src/stm32f446xx_spi_driver.c" -mcpu=cortex-m4 -std=gnu11 -g3 -DDEBUG -DSTM32 -DSTM32F4 -DSTM32F446RETx -DNUCLEO_F446RE -c -I"C:/Users/lenovo/Documents/Learning/Udemy/stm32_learn/05_GPIO_drivers/drivers/inc" -O0 -ffunction-sections -fdata-sections -Wall -fstack-usage -fcyclomatic-complexity -MMD -MP -MF"drivers/src/stm32f446xx_spi_driver.d" -MT"drivers/src/stm32f446xx_spi_driver.o" --specs=nano.specs -mfloat-abi=soft -mthumb -o "drivers/src/stm32f446xx_spi_driver.o"
arm-none-eabi-gcc "../Src/03_Btn_Interrupt.c" -mcpu=cortex-m4 -std=gnu11 -g3 -DDEBUG -DSTM32 -DSTM32F4 -DSTM32F446RETx -DNUCLEO_F446RE -c -I"C:/Users/lenovo/Documents/Learning/Udemy/stm32_learn/05_GPIO_drivers/drivers/inc" -O0 -ffunction-sections -fdata-sections -Wall -fstack-usage -fcyclomatic-complexity -MMD -MP -MF"Src/03_Btn_Interrupt.d" -MT"Src/03_Btn_Interrupt.o" --specs=nano.specs -mfloat-abi=soft -mthumb -o "Src/03_Btn_Interrupt.o"
arm-none-eabi-gcc -o "05_GPIO_drivers.elf" @"objects.list"   -mcpu=cortex-m4 -T"C:\Users\lenovo\Documents\Learning\Udemy\stm32_learn\05_GPIO_drivers\STM32F446RETX_FLASH.ld" --specs=nosys.specs -Wl,-Map="05_GPIO_drivers.map" -Wl,--gc-sections -static --specs=nano.specs -mfloat-abi=soft -mthumb -Wl,--start-group -lc -lm -Wl,--end-group
Finished building target: 05_GPIO_drivers.elf
 
arm-none-eabi-size  05_GPIO_drivers.elf 
arm-none-eabi-objdump -h -S 05_GPIO_drivers.elf  > "05_GPIO_drivers.list"
   text	   data	    bss	    dec	    hex	filename
   2560	      0	   1568	   4128	   1020	05_GPIO_drivers.elf
Finished building: default.size.stdout
 
Finished building: 05_GPIO_drivers.list
 
16:43:00 **** Incremental Build of configuration Debug for project 05_GPIO_drivers ****
make -j12 all 
arm-none-eabi-gcc "../drivers/src/stm32f446xx_spi_driver.c" -mcpu=cortex-m4 -std=gnu11 -g3 -DDEBUG -DSTM32 -DSTM32F4 -DSTM32F446RETx -DNUCLEO_F446RE -c -I"C:/Users/lenovo/Documents/Learning/Udemy/stm32_learn/05_GPIO_drivers/drivers/inc" -O0 -ffunction-sections -fdata-sections -Wall -fstack-usage -fcyclomatic-complexity -MMD -MP -MF"drivers/src/stm32f446xx_spi_driver.d" -MT"drivers/src/stm32f446xx_spi_driver.o" --specs=nano.specs -mfloat-abi=soft -mthumb -o "drivers/src/stm32f446xx_spi_driver.o"
../drivers/src/stm32f446xx_spi_driver.c:63:15: error: unknown type name 'SPI_Handle'; did you mean 'SPI_Handle_t'?
   63 | void SPI_Init(SPI_Handle *pSPIHandle)
      |               ^~~~~~~~~~
      |               SPI_Handle_t
make: *** [drivers/src/subdir.mk:22: drivers/src/stm32f446xx_spi_driver.o] Error 1
"make -j12 all" terminated with exit code 2. Build might be incomplete.
16:43:13 **** Incremental Build of configuration Debug for project 05_GPIO_drivers ****
make -j12 all 
arm-none-eabi-gcc "../drivers/src/stm32f446xx_spi_driver.c" -mcpu=cortex-m4 -std=gnu11 -g3 -DDEBUG -DSTM32 -DSTM32F4 -DSTM32F446RETx -DNUCLEO_F446RE -c -I"C:/Users/lenovo/Documents/Learning/Udemy/stm32_learn/05_GPIO_drivers/drivers/inc" -O0 -ffunction-sections -fdata-sections -Wall -fstack-usage -fcyclomatic-complexity -MMD -MP -MF"drivers/src/stm32f446xx_spi_driver.d" -MT"drivers/src/stm32f446xx_spi_driver.o" --specs=nano.specs -mfloat-abi=soft -mthumb -o "drivers/src/stm32f446xx_spi_driver.o"
../drivers/src/stm32f446xx_spi_driver.c: In function 'SPI_Init':
../drivers/src/stm32f446xx_spi_driver.c:67:20: error: 'pSPIHanlde' undeclared (first use in this function); did you mean 'pSPIHandle'?
   67 |         tempReg |= pSPIHanlde->SPIConfig.SPI_DeviceMode << 2;
      |                    ^~~~~~~~~~
      |                    pSPIHandle
../drivers/src/stm32f446xx_spi_driver.c:67:20: note: each undeclared identifier is reported only once for each function it appears in
../drivers/src/stm32f446xx_spi_driver.c:65:18: warning: variable 'tempReg' set but not used [-Wunused-but-set-variable]
   65 |         uint32_t tempReg = 0;
      |                  ^~~~~~~
make: *** [drivers/src/subdir.mk:22: drivers/src/stm32f446xx_spi_driver.o] Error 1
"make -j12 all" terminated with exit code 2. Build might be incomplete.
18:35:16 **** Incremental Build of configuration Debug for project 05_GPIO_drivers ****
make -j12 all 
arm-none-eabi-gcc "../drivers/src/stm32f446xx_spi_driver.c" -mcpu=cortex-m4 -std=gnu11 -g3 -DDEBUG -DSTM32 -DSTM32F4 -DSTM32F446RETx -DNUCLEO_F446RE -c -I"C:/Users/lenovo/Documents/Learning/Udemy/stm32_learn/05_GPIO_drivers/drivers/inc" -O0 -ffunction-sections -fdata-sections -Wall -fstack-usage -fcyclomatic-complexity -MMD -MP -MF"drivers/src/stm32f446xx_spi_driver.d" -MT"drivers/src/stm32f446xx_spi_driver.o" --specs=nano.specs -mfloat-abi=soft -mthumb -o "drivers/src/stm32f446xx_spi_driver.o"
../drivers/src/stm32f446xx_spi_driver.c: In function 'SPI_Init':
../drivers/src/stm32f446xx_spi_driver.c:67:20: error: 'pSPIHanlde' undeclared (first use in this function); did you mean 'pSPIHandle'?
   67 |         tempReg |= pSPIHanlde->SPIConfig.SPI_DeviceMode << 2;
      |                    ^~~~~~~~~~
      |                    pSPIHandle
../drivers/src/stm32f446xx_spi_driver.c:67:20: note: each undeclared identifier is reported only once for each function it appears in
make: *** [drivers/src/subdir.mk:22: drivers/src/stm32f446xx_spi_driver.o] Error 1
"make -j12 all" terminated with exit code 2. Build might be incomplete.
18:36:10 **** Incremental Build of configuration Debug for project 05_GPIO_drivers ****
make -j12 all 
arm-none-eabi-gcc "../drivers/src/stm32f446xx_spi_driver.c" -mcpu=cortex-m4 -std=gnu11 -g3 -DDEBUG -DSTM32 -DSTM32F4 -DSTM32F446RETx -DNUCLEO_F446RE -c -I"C:/Users/lenovo/Documents/Learning/Udemy/stm32_learn/05_GPIO_drivers/drivers/inc" -O0 -ffunction-sections -fdata-sections -Wall -fstack-usage -fcyclomatic-complexity -MMD -MP -MF"drivers/src/stm32f446xx_spi_driver.d" -MT"drivers/src/stm32f446xx_spi_driver.o" --specs=nano.specs -mfloat-abi=soft -mthumb -o "drivers/src/stm32f446xx_spi_driver.o"
arm-none-eabi-gcc -o "05_GPIO_drivers.elf" @"objects.list"   -mcpu=cortex-m4 -T"C:\Users\lenovo\Documents\Learning\Udemy\stm32_learn\05_GPIO_drivers\STM32F446RETX_FLASH.ld" --specs=nosys.specs -Wl,-Map="05_GPIO_drivers.map" -Wl,--gc-sections -static --specs=nano.specs -mfloat-abi=soft -mthumb -Wl,--start-group -lc -lm -Wl,--end-group
Finished building target: 05_GPIO_drivers.elf
 
arm-none-eabi-size  05_GPIO_drivers.elf 
arm-none-eabi-objdump -h -S 05_GPIO_drivers.elf  > "05_GPIO_drivers.list"
   text	   data	    bss	    dec	    hex	filename
   2560	      0	   1568	   4128	   1020	05_GPIO_drivers.elf
Finished building: default.size.stdout
 
Finished building: 05_GPIO_drivers.list
 
18:52:31 **** Incremental Build of configuration Debug for project 05_GPIO_drivers ****
make -j12 all 
arm-none-eabi-gcc "../drivers/src/stm32f446xx_gpio_driver.c" -mcpu=cortex-m4 -std=gnu11 -g3 -DDEBUG -DSTM32 -DSTM32F4 -DSTM32F446RETx -DNUCLEO_F446RE -c -I"C:/Users/lenovo/Documents/Learning/Udemy/stm32_learn/05_GPIO_drivers/drivers/inc" -O0 -ffunction-sections -fdata-sections -Wall -fstack-usage -fcyclomatic-complexity -MMD -MP -MF"drivers/src/stm32f446xx_gpio_driver.d" -MT"drivers/src/stm32f446xx_gpio_driver.o" --specs=nano.specs -mfloat-abi=soft -mthumb -o "drivers/src/stm32f446xx_gpio_driver.o"
arm-none-eabi-gcc "../drivers/src/stm32f446xx_spi_driver.c" -mcpu=cortex-m4 -std=gnu11 -g3 -DDEBUG -DSTM32 -DSTM32F4 -DSTM32F446RETx -DNUCLEO_F446RE -c -I"C:/Users/lenovo/Documents/Learning/Udemy/stm32_learn/05_GPIO_drivers/drivers/inc" -O0 -ffunction-sections -fdata-sections -Wall -fstack-usage -fcyclomatic-complexity -MMD -MP -MF"drivers/src/stm32f446xx_spi_driver.d" -MT"drivers/src/stm32f446xx_spi_driver.o" --specs=nano.specs -mfloat-abi=soft -mthumb -o "drivers/src/stm32f446xx_spi_driver.o"
arm-none-eabi-gcc "../Src/03_Btn_Interrupt.c" -mcpu=cortex-m4 -std=gnu11 -g3 -DDEBUG -DSTM32 -DSTM32F4 -DSTM32F446RETx -DNUCLEO_F446RE -c -I"C:/Users/lenovo/Documents/Learning/Udemy/stm32_learn/05_GPIO_drivers/drivers/inc" -O0 -ffunction-sections -fdata-sections -Wall -fstack-usage -fcyclomatic-complexity -MMD -MP -MF"Src/03_Btn_Interrupt.d" -MT"Src/03_Btn_Interrupt.o" --specs=nano.specs -mfloat-abi=soft -mthumb -o "Src/03_Btn_Interrupt.o"
arm-none-eabi-gcc -o "05_GPIO_drivers.elf" @"objects.list"   -mcpu=cortex-m4 -T"C:\Users\lenovo\Documents\Learning\Udemy\stm32_learn\05_GPIO_drivers\STM32F446RETX_FLASH.ld" --specs=nosys.specs -Wl,-Map="05_GPIO_drivers.map" -Wl,--gc-sections -static --specs=nano.specs -mfloat-abi=soft -mthumb -Wl,--start-group -lc -lm -Wl,--end-group
Finished building target: 05_GPIO_drivers.elf
 
arm-none-eabi-size  05_GPIO_drivers.elf 
arm-none-eabi-objdump -h -S 05_GPIO_drivers.elf  > "05_GPIO_drivers.list"
   text	   data	    bss	    dec	    hex	filename
   2560	      0	   1568	   4128	   1020	05_GPIO_drivers.elf
Finished building: default.size.stdout
 
Finished building: 05_GPIO_drivers.list
 
18:53:35 **** Incremental Build of configuration Debug for project 05_GPIO_drivers ****
make -j12 all 
arm-none-eabi-gcc "../drivers/src/stm32f446xx_spi_driver.c" -mcpu=cortex-m4 -std=gnu11 -g3 -DDEBUG -DSTM32 -DSTM32F4 -DSTM32F446RETx -DNUCLEO_F446RE -c -I"C:/Users/lenovo/Documents/Learning/Udemy/stm32_learn/05_GPIO_drivers/drivers/inc" -O0 -ffunction-sections -fdata-sections -Wall -fstack-usage -fcyclomatic-complexity -MMD -MP -MF"drivers/src/stm32f446xx_spi_driver.d" -MT"drivers/src/stm32f446xx_spi_driver.o" --specs=nano.specs -mfloat-abi=soft -mthumb -o "drivers/src/stm32f446xx_spi_driver.o"
arm-none-eabi-gcc -o "05_GPIO_drivers.elf" @"objects.list"   -mcpu=cortex-m4 -T"C:\Users\lenovo\Documents\Learning\Udemy\stm32_learn\05_GPIO_drivers\STM32F446RETX_FLASH.ld" --specs=nosys.specs -Wl,-Map="05_GPIO_drivers.map" -Wl,--gc-sections -static --specs=nano.specs -mfloat-abi=soft -mthumb -Wl,--start-group -lc -lm -Wl,--end-group
Finished building target: 05_GPIO_drivers.elf
 
arm-none-eabi-size  05_GPIO_drivers.elf 
arm-none-eabi-objdump -h -S 05_GPIO_drivers.elf  > "05_GPIO_drivers.list"
   text	   data	    bss	    dec	    hex	filename
   2560	      0	   1568	   4128	   1020	05_GPIO_drivers.elf
Finished building: default.size.stdout
 
Finished building: 05_GPIO_drivers.list
 
19:01:19 **** Incremental Build of configuration Debug for project 05_GPIO_drivers ****
make -j12 all 
arm-none-eabi-gcc "../drivers/src/stm32f446xx_spi_driver.c" -mcpu=cortex-m4 -std=gnu11 -g3 -DDEBUG -DSTM32 -DSTM32F4 -DSTM32F446RETx -DNUCLEO_F446RE -c -I"C:/Users/lenovo/Documents/Learning/Udemy/stm32_learn/05_GPIO_drivers/drivers/inc" -O0 -ffunction-sections -fdata-sections -Wall -fstack-usage -fcyclomatic-complexity -MMD -MP -MF"drivers/src/stm32f446xx_spi_driver.d" -MT"drivers/src/stm32f446xx_spi_driver.o" --specs=nano.specs -mfloat-abi=soft -mthumb -o "drivers/src/stm32f446xx_spi_driver.o"
arm-none-eabi-gcc -o "05_GPIO_drivers.elf" @"objects.list"   -mcpu=cortex-m4 -T"C:\Users\lenovo\Documents\Learning\Udemy\stm32_learn\05_GPIO_drivers\STM32F446RETX_FLASH.ld" --specs=nosys.specs -Wl,-Map="05_GPIO_drivers.map" -Wl,--gc-sections -static --specs=nano.specs -mfloat-abi=soft -mthumb -Wl,--start-group -lc -lm -Wl,--end-group
Finished building target: 05_GPIO_drivers.elf
 
arm-none-eabi-size  05_GPIO_drivers.elf 
arm-none-eabi-objdump -h -S 05_GPIO_drivers.elf  > "05_GPIO_drivers.list"
   text	   data	    bss	    dec	    hex	filename
   2560	      0	   1568	   4128	   1020	05_GPIO_drivers.elf
Finished building: default.size.stdout
 
Finished building: 05_GPIO_drivers.list
 
19:12:30 **** Incremental Build of configuration Debug for project 05_GPIO_drivers ****
make -j12 all 
arm-none-eabi-gcc "../drivers/src/stm32f446xx_gpio_driver.c" -mcpu=cortex-m4 -std=gnu11 -g3 -DDEBUG -DSTM32 -DSTM32F4 -DSTM32F446RETx -DNUCLEO_F446RE -c -I"C:/Users/lenovo/Documents/Learning/Udemy/stm32_learn/05_GPIO_drivers/drivers/inc" -O0 -ffunction-sections -fdata-sections -Wall -fstack-usage -fcyclomatic-complexity -MMD -MP -MF"drivers/src/stm32f446xx_gpio_driver.d" -MT"drivers/src/stm32f446xx_gpio_driver.o" --specs=nano.specs -mfloat-abi=soft -mthumb -o "drivers/src/stm32f446xx_gpio_driver.o"
arm-none-eabi-gcc "../drivers/src/stm32f446xx_spi_driver.c" -mcpu=cortex-m4 -std=gnu11 -g3 -DDEBUG -DSTM32 -DSTM32F4 -DSTM32F446RETx -DNUCLEO_F446RE -c -I"C:/Users/lenovo/Documents/Learning/Udemy/stm32_learn/05_GPIO_drivers/drivers/inc" -O0 -ffunction-sections -fdata-sections -Wall -fstack-usage -fcyclomatic-complexity -MMD -MP -MF"drivers/src/stm32f446xx_spi_driver.d" -MT"drivers/src/stm32f446xx_spi_driver.o" --specs=nano.specs -mfloat-abi=soft -mthumb -o "drivers/src/stm32f446xx_spi_driver.o"
arm-none-eabi-gcc "../Src/03_Btn_Interrupt.c" -mcpu=cortex-m4 -std=gnu11 -g3 -DDEBUG -DSTM32 -DSTM32F4 -DSTM32F446RETx -DNUCLEO_F446RE -c -I"C:/Users/lenovo/Documents/Learning/Udemy/stm32_learn/05_GPIO_drivers/drivers/inc" -O0 -ffunction-sections -fdata-sections -Wall -fstack-usage -fcyclomatic-complexity -MMD -MP -MF"Src/03_Btn_Interrupt.d" -MT"Src/03_Btn_Interrupt.o" --specs=nano.specs -mfloat-abi=soft -mthumb -o "Src/03_Btn_Interrupt.o"
arm-none-eabi-gcc -o "05_GPIO_drivers.elf" @"objects.list"   -mcpu=cortex-m4 -T"C:\Users\lenovo\Documents\Learning\Udemy\stm32_learn\05_GPIO_drivers\STM32F446RETX_FLASH.ld" --specs=nosys.specs -Wl,-Map="05_GPIO_drivers.map" -Wl,--gc-sections -static --specs=nano.specs -mfloat-abi=soft -mthumb -Wl,--start-group -lc -lm -Wl,--end-group
Finished building target: 05_GPIO_drivers.elf
 
arm-none-eabi-size  05_GPIO_drivers.elf 
arm-none-eabi-objdump -h -S 05_GPIO_drivers.elf  > "05_GPIO_drivers.list"
   text	   data	    bss	    dec	    hex	filename
   2560	      0	   1568	   4128	   1020	05_GPIO_drivers.elf
Finished building: default.size.stdout
 
Finished building: 05_GPIO_drivers.list
 
19:12:47 **** Incremental Build of configuration Debug for project 05_GPIO_drivers ****
make -j12 all 
arm-none-eabi-gcc "../drivers/src/stm32f446xx_gpio_driver.c" -mcpu=cortex-m4 -std=gnu11 -g3 -DDEBUG -DSTM32 -DSTM32F4 -DSTM32F446RETx -DNUCLEO_F446RE -c -I"C:/Users/lenovo/Documents/Learning/Udemy/stm32_learn/05_GPIO_drivers/drivers/inc" -O0 -ffunction-sections -fdata-sections -Wall -fstack-usage -fcyclomatic-complexity -MMD -MP -MF"drivers/src/stm32f446xx_gpio_driver.d" -MT"drivers/src/stm32f446xx_gpio_driver.o" --specs=nano.specs -mfloat-abi=soft -mthumb -o "drivers/src/stm32f446xx_gpio_driver.o"
arm-none-eabi-gcc "../drivers/src/stm32f446xx_spi_driver.c" -mcpu=cortex-m4 -std=gnu11 -g3 -DDEBUG -DSTM32 -DSTM32F4 -DSTM32F446RETx -DNUCLEO_F446RE -c -I"C:/Users/lenovo/Documents/Learning/Udemy/stm32_learn/05_GPIO_drivers/drivers/inc" -O0 -ffunction-sections -fdata-sections -Wall -fstack-usage -fcyclomatic-complexity -MMD -MP -MF"drivers/src/stm32f446xx_spi_driver.d" -MT"drivers/src/stm32f446xx_spi_driver.o" --specs=nano.specs -mfloat-abi=soft -mthumb -o "drivers/src/stm32f446xx_spi_driver.o"
arm-none-eabi-gcc "../Src/03_Btn_Interrupt.c" -mcpu=cortex-m4 -std=gnu11 -g3 -DDEBUG -DSTM32 -DSTM32F4 -DSTM32F446RETx -DNUCLEO_F446RE -c -I"C:/Users/lenovo/Documents/Learning/Udemy/stm32_learn/05_GPIO_drivers/drivers/inc" -O0 -ffunction-sections -fdata-sections -Wall -fstack-usage -fcyclomatic-complexity -MMD -MP -MF"Src/03_Btn_Interrupt.d" -MT"Src/03_Btn_Interrupt.o" --specs=nano.specs -mfloat-abi=soft -mthumb -o "Src/03_Btn_Interrupt.o"
arm-none-eabi-gcc -o "05_GPIO_drivers.elf" @"objects.list"   -mcpu=cortex-m4 -T"C:\Users\lenovo\Documents\Learning\Udemy\stm32_learn\05_GPIO_drivers\STM32F446RETX_FLASH.ld" --specs=nosys.specs -Wl,-Map="05_GPIO_drivers.map" -Wl,--gc-sections -static --specs=nano.specs -mfloat-abi=soft -mthumb -Wl,--start-group -lc -lm -Wl,--end-group
Finished building target: 05_GPIO_drivers.elf
 
arm-none-eabi-size  05_GPIO_drivers.elf 
arm-none-eabi-objdump -h -S 05_GPIO_drivers.elf  > "05_GPIO_drivers.list"
   text	   data	    bss	    dec	    hex	filename
   2560	      0	   1568	   4128	   1020	05_GPIO_drivers.elf
Finished building: default.size.stdout
 
Finished building: 05_GPIO_drivers.list
 
19:13:01 **** Incremental Build of configuration Debug for project 05_GPIO_drivers ****
make -j12 all 
arm-none-eabi-gcc "../drivers/src/stm32f446xx_gpio_driver.c" -mcpu=cortex-m4 -std=gnu11 -g3 -DDEBUG -DSTM32 -DSTM32F4 -DSTM32F446RETx -DNUCLEO_F446RE -c -I"C:/Users/lenovo/Documents/Learning/Udemy/stm32_learn/05_GPIO_drivers/drivers/inc" -O0 -ffunction-sections -fdata-sections -Wall -fstack-usage -fcyclomatic-complexity -MMD -MP -MF"drivers/src/stm32f446xx_gpio_driver.d" -MT"drivers/src/stm32f446xx_gpio_driver.o" --specs=nano.specs -mfloat-abi=soft -mthumb -o "drivers/src/stm32f446xx_gpio_driver.o"
arm-none-eabi-gcc "../drivers/src/stm32f446xx_spi_driver.c" -mcpu=cortex-m4 -std=gnu11 -g3 -DDEBUG -DSTM32 -DSTM32F4 -DSTM32F446RETx -DNUCLEO_F446RE -c -I"C:/Users/lenovo/Documents/Learning/Udemy/stm32_learn/05_GPIO_drivers/drivers/inc" -O0 -ffunction-sections -fdata-sections -Wall -fstack-usage -fcyclomatic-complexity -MMD -MP -MF"drivers/src/stm32f446xx_spi_driver.d" -MT"drivers/src/stm32f446xx_spi_driver.o" --specs=nano.specs -mfloat-abi=soft -mthumb -o "drivers/src/stm32f446xx_spi_driver.o"
arm-none-eabi-gcc "../Src/03_Btn_Interrupt.c" -mcpu=cortex-m4 -std=gnu11 -g3 -DDEBUG -DSTM32 -DSTM32F4 -DSTM32F446RETx -DNUCLEO_F446RE -c -I"C:/Users/lenovo/Documents/Learning/Udemy/stm32_learn/05_GPIO_drivers/drivers/inc" -O0 -ffunction-sections -fdata-sections -Wall -fstack-usage -fcyclomatic-complexity -MMD -MP -MF"Src/03_Btn_Interrupt.d" -MT"Src/03_Btn_Interrupt.o" --specs=nano.specs -mfloat-abi=soft -mthumb -o "Src/03_Btn_Interrupt.o"
arm-none-eabi-gcc -o "05_GPIO_drivers.elf" @"objects.list"   -mcpu=cortex-m4 -T"C:\Users\lenovo\Documents\Learning\Udemy\stm32_learn\05_GPIO_drivers\STM32F446RETX_FLASH.ld" --specs=nosys.specs -Wl,-Map="05_GPIO_drivers.map" -Wl,--gc-sections -static --specs=nano.specs -mfloat-abi=soft -mthumb -Wl,--start-group -lc -lm -Wl,--end-group
Finished building target: 05_GPIO_drivers.elf
 
arm-none-eabi-size  05_GPIO_drivers.elf 
arm-none-eabi-objdump -h -S 05_GPIO_drivers.elf  > "05_GPIO_drivers.list"
   text	   data	    bss	    dec	    hex	filename
   2560	      0	   1568	   4128	   1020	05_GPIO_drivers.elf
Finished building: default.size.stdout
 
Finished building: 05_GPIO_drivers.list
 
19:14:30 **** Incremental Build of configuration Debug for project 05_GPIO_drivers ****
make -j12 all 
arm-none-eabi-gcc "../drivers/src/stm32f446xx_spi_driver.c" -mcpu=cortex-m4 -std=gnu11 -g3 -DDEBUG -DSTM32 -DSTM32F4 -DSTM32F446RETx -DNUCLEO_F446RE -c -I"C:/Users/lenovo/Documents/Learning/Udemy/stm32_learn/05_GPIO_drivers/drivers/inc" -O0 -ffunction-sections -fdata-sections -Wall -fstack-usage -fcyclomatic-complexity -MMD -MP -MF"drivers/src/stm32f446xx_spi_driver.d" -MT"drivers/src/stm32f446xx_spi_driver.o" --specs=nano.specs -mfloat-abi=soft -mthumb -o "drivers/src/stm32f446xx_spi_driver.o"
../drivers/src/stm32f446xx_spi_driver.c: In function 'SPI_SendData':
../drivers/src/stm32f446xx_spi_driver.c:108:48: error: 'SPI_TXE_FLAG' undeclared (first use in this function)
  108 |                 while(SPI_GetFLagStatus(pSPIx, SPI_TXE_FLAG)==FLAG_CLEAR);
      |                                                ^~~~~~~~~~~~
../drivers/src/stm32f446xx_spi_driver.c:108:48: note: each undeclared identifier is reported only once for each function it appears in
make: *** [drivers/src/subdir.mk:22: drivers/src/stm32f446xx_spi_driver.o] Error 1
"make -j12 all" terminated with exit code 2. Build might be incomplete.
19:17:55 **** Incremental Build of configuration Debug for project 05_GPIO_drivers ****
make -j12 all 
arm-none-eabi-gcc "../drivers/src/stm32f446xx_spi_driver.c" -mcpu=cortex-m4 -std=gnu11 -g3 -DDEBUG -DSTM32 -DSTM32F4 -DSTM32F446RETx -DNUCLEO_F446RE -c -I"C:/Users/lenovo/Documents/Learning/Udemy/stm32_learn/05_GPIO_drivers/drivers/inc" -O0 -ffunction-sections -fdata-sections -Wall -fstack-usage -fcyclomatic-complexity -MMD -MP -MF"drivers/src/stm32f446xx_spi_driver.d" -MT"drivers/src/stm32f446xx_spi_driver.o" --specs=nano.specs -mfloat-abi=soft -mthumb -o "drivers/src/stm32f446xx_spi_driver.o"
arm-none-eabi-gcc -o "05_GPIO_drivers.elf" @"objects.list"   -mcpu=cortex-m4 -T"C:\Users\lenovo\Documents\Learning\Udemy\stm32_learn\05_GPIO_drivers\STM32F446RETX_FLASH.ld" --specs=nosys.specs -Wl,-Map="05_GPIO_drivers.map" -Wl,--gc-sections -static --specs=nano.specs -mfloat-abi=soft -mthumb -Wl,--start-group -lc -lm -Wl,--end-group
Finished building target: 05_GPIO_drivers.elf
 
arm-none-eabi-size  05_GPIO_drivers.elf 
arm-none-eabi-objdump -h -S 05_GPIO_drivers.elf  > "05_GPIO_drivers.list"
   text	   data	    bss	    dec	    hex	filename
   2560	      0	   1568	   4128	   1020	05_GPIO_drivers.elf
Finished building: default.size.stdout
 
Finished building: 05_GPIO_drivers.list
 
19:25:03 **** Incremental Build of configuration Debug for project 05_GPIO_drivers ****
make -j12 all 
arm-none-eabi-gcc "../drivers/src/stm32f446xx_spi_driver.c" -mcpu=cortex-m4 -std=gnu11 -g3 -DDEBUG -DSTM32 -DSTM32F4 -DSTM32F446RETx -DNUCLEO_F446RE -c -I"C:/Users/lenovo/Documents/Learning/Udemy/stm32_learn/05_GPIO_drivers/drivers/inc" -O0 -ffunction-sections -fdata-sections -Wall -fstack-usage -fcyclomatic-complexity -MMD -MP -MF"drivers/src/stm32f446xx_spi_driver.d" -MT"drivers/src/stm32f446xx_spi_driver.o" --specs=nano.specs -mfloat-abi=soft -mthumb -o "drivers/src/stm32f446xx_spi_driver.o"
../drivers/src/stm32f446xx_spi_driver.c: In function 'SPI_SendData':
../drivers/src/stm32f446xx_spi_driver.c:116:50: error: 'pTxBuffer' undeclared (first use in this function); did you mean 'pTXBuffer'?
  116 |                         pSPIx->DR = *((uint16_t*)pTxBuffer);
      |                                                  ^~~~~~~~~
      |                                                  pTXBuffer
../drivers/src/stm32f446xx_spi_driver.c:116:50: note: each undeclared identifier is reported only once for each function it appears in
make: *** [drivers/src/subdir.mk:22: drivers/src/stm32f446xx_spi_driver.o] Error 1
"make -j12 all" terminated with exit code 2. Build might be incomplete.
19:26:01 **** Incremental Build of configuration Debug for project 05_GPIO_drivers ****
make -j12 all 
arm-none-eabi-gcc "../drivers/src/stm32f446xx_spi_driver.c" -mcpu=cortex-m4 -std=gnu11 -g3 -DDEBUG -DSTM32 -DSTM32F4 -DSTM32F446RETx -DNUCLEO_F446RE -c -I"C:/Users/lenovo/Documents/Learning/Udemy/stm32_learn/05_GPIO_drivers/drivers/inc" -O0 -ffunction-sections -fdata-sections -Wall -fstack-usage -fcyclomatic-complexity -MMD -MP -MF"drivers/src/stm32f446xx_spi_driver.d" -MT"drivers/src/stm32f446xx_spi_driver.o" --specs=nano.specs -mfloat-abi=soft -mthumb -o "drivers/src/stm32f446xx_spi_driver.o"
arm-none-eabi-gcc -o "05_GPIO_drivers.elf" @"objects.list"   -mcpu=cortex-m4 -T"C:\Users\lenovo\Documents\Learning\Udemy\stm32_learn\05_GPIO_drivers\STM32F446RETX_FLASH.ld" --specs=nosys.specs -Wl,-Map="05_GPIO_drivers.map" -Wl,--gc-sections -static --specs=nano.specs -mfloat-abi=soft -mthumb -Wl,--start-group -lc -lm -Wl,--end-group
Finished building target: 05_GPIO_drivers.elf
 
arm-none-eabi-size  05_GPIO_drivers.elf 
arm-none-eabi-objdump -h -S 05_GPIO_drivers.elf  > "05_GPIO_drivers.list"
   text	   data	    bss	    dec	    hex	filename
   2560	      0	   1568	   4128	   1020	05_GPIO_drivers.elf
Finished building: default.size.stdout
 
Finished building: 05_GPIO_drivers.list
 
19:36:22 **** Clean-only build of configuration Debug for project 05_GPIO_drivers ****
make -j12 clean 
rm -rf ./drivers/src/stm32f446xx_gpio_driver.cyclo ./drivers/src/stm32f446xx_gpio_driver.d ./drivers/src/stm32f446xx_gpio_driver.o ./drivers/src/stm32f446xx_gpio_driver.su ./drivers/src/stm32f446xx_spi_driver.cyclo ./drivers/src/stm32f446xx_spi_driver.d ./drivers/src/stm32f446xx_spi_driver.o ./drivers/src/stm32f446xx_spi_driver.su
rm -rf ./Startup/startup_stm32f446retx.d ./Startup/startup_stm32f446retx.o
rm -rf ./Src/03_Btn_Interrupt.cyclo ./Src/03_Btn_Interrupt.d ./Src/03_Btn_Interrupt.o ./Src/03_Btn_Interrupt.su ./Src/syscalls.cyclo ./Src/syscalls.d ./Src/syscalls.o ./Src/syscalls.su ./Src/sysmem.cyclo ./Src/sysmem.d ./Src/sysmem.o ./Src/sysmem.su
rm -rf 05_GPIO_drivers.elf 05_GPIO_drivers.list 05_GPIO_drivers.map default.size.stdout
 
19:36:23 **** Incremental Build of configuration Debug for project 05_GPIO_drivers ****
make -j12 all 
arm-none-eabi-gcc "../drivers/src/stm32f446xx_gpio_driver.c" -mcpu=cortex-m4 -std=gnu11 -g3 -DDEBUG -DSTM32 -DSTM32F4 -DSTM32F446RETx -DNUCLEO_F446RE -c -I"C:/Users/lenovo/Documents/Learning/Udemy/stm32_learn/05_GPIO_drivers/drivers/inc" -O0 -ffunction-sections -fdata-sections -Wall -fstack-usage -fcyclomatic-complexity -MMD -MP -MF"drivers/src/stm32f446xx_gpio_driver.d" -MT"drivers/src/stm32f446xx_gpio_driver.o" --specs=nano.specs -mfloat-abi=soft -mthumb -o "drivers/src/stm32f446xx_gpio_driver.o"
arm-none-eabi-gcc "../drivers/src/stm32f446xx_spi_driver.c" -mcpu=cortex-m4 -std=gnu11 -g3 -DDEBUG -DSTM32 -DSTM32F4 -DSTM32F446RETx -DNUCLEO_F446RE -c -I"C:/Users/lenovo/Documents/Learning/Udemy/stm32_learn/05_GPIO_drivers/drivers/inc" -O0 -ffunction-sections -fdata-sections -Wall -fstack-usage -fcyclomatic-complexity -MMD -MP -MF"drivers/src/stm32f446xx_spi_driver.d" -MT"drivers/src/stm32f446xx_spi_driver.o" --specs=nano.specs -mfloat-abi=soft -mthumb -o "drivers/src/stm32f446xx_spi_driver.o"
arm-none-eabi-gcc -mcpu=cortex-m4 -g3 -DDEBUG -c -x assembler-with-cpp -MMD -MP -MF"Startup/startup_stm32f446retx.d" -MT"Startup/startup_stm32f446retx.o" --specs=nano.specs -mfloat-abi=soft -mthumb -o "Startup/startup_stm32f446retx.o" "../Startup/startup_stm32f446retx.s"
arm-none-eabi-gcc "../Src/04_SPI_TX_test.c" -mcpu=cortex-m4 -std=gnu11 -g3 -DDEBUG -DSTM32 -DSTM32F4 -DSTM32F446RETx -DNUCLEO_F446RE -c -I"C:/Users/lenovo/Documents/Learning/Udemy/stm32_learn/05_GPIO_drivers/drivers/inc" -O0 -ffunction-sections -fdata-sections -Wall -fstack-usage -fcyclomatic-complexity -MMD -MP -MF"Src/04_SPI_TX_test.d" -MT"Src/04_SPI_TX_test.o" --specs=nano.specs -mfloat-abi=soft -mthumb -o "Src/04_SPI_TX_test.o"
arm-none-eabi-gcc "../Src/syscalls.c" -mcpu=cortex-m4 -std=gnu11 -g3 -DDEBUG -DSTM32 -DSTM32F4 -DSTM32F446RETx -DNUCLEO_F446RE -c -I"C:/Users/lenovo/Documents/Learning/Udemy/stm32_learn/05_GPIO_drivers/drivers/inc" -O0 -ffunction-sections -fdata-sections -Wall -fstack-usage -fcyclomatic-complexity -MMD -MP -MF"Src/syscalls.d" -MT"Src/syscalls.o" --specs=nano.specs -mfloat-abi=soft -mthumb -o "Src/syscalls.o"
arm-none-eabi-gcc "../Src/sysmem.c" -mcpu=cortex-m4 -std=gnu11 -g3 -DDEBUG -DSTM32 -DSTM32F4 -DSTM32F446RETx -DNUCLEO_F446RE -c -I"C:/Users/lenovo/Documents/Learning/Udemy/stm32_learn/05_GPIO_drivers/drivers/inc" -O0 -ffunction-sections -fdata-sections -Wall -fstack-usage -fcyclomatic-complexity -MMD -MP -MF"Src/sysmem.d" -MT"Src/sysmem.o" --specs=nano.specs -mfloat-abi=soft -mthumb -o "Src/sysmem.o"
arm-none-eabi-gcc -o "05_GPIO_drivers.elf" @"objects.list"   -mcpu=cortex-m4 -T"C:\Users\lenovo\Documents\Learning\Udemy\stm32_learn\05_GPIO_drivers\STM32F446RETX_FLASH.ld" --specs=nosys.specs -Wl,-Map="05_GPIO_drivers.map" -Wl,--gc-sections -static --specs=nano.specs -mfloat-abi=soft -mthumb -Wl,--start-group -lc -lm -Wl,--end-group
Finished building target: 05_GPIO_drivers.elf
 
arm-none-eabi-size  05_GPIO_drivers.elf 
arm-none-eabi-objdump -h -S 05_GPIO_drivers.elf  > "05_GPIO_drivers.list"
   text	   data	    bss	    dec	    hex	filename
    720	      0	   1568	   2288	    8f0	05_GPIO_drivers.elf
Finished building: default.size.stdout
 
Finished building: 05_GPIO_drivers.list
 
22:17:23 **** Incremental Build of configuration Debug for project 05_GPIO_drivers ****
make -j12 all 
arm-none-eabi-gcc "../Src/04_SPI_TX_test.c" -mcpu=cortex-m4 -std=gnu11 -g3 -DDEBUG -DSTM32 -DSTM32F4 -DSTM32F446RETx -DNUCLEO_F446RE -c -I"C:/Users/lenovo/Documents/Learning/Udemy/stm32_learn/05_GPIO_drivers/drivers/inc" -O0 -ffunction-sections -fdata-sections -Wall -fstack-usage -fcyclomatic-complexity -MMD -MP -MF"Src/04_SPI_TX_test.d" -MT"Src/04_SPI_TX_test.o" --specs=nano.specs -mfloat-abi=soft -mthumb -o "Src/04_SPI_TX_test.o"
../Src/04_SPI_TX_test.c: In function 'main':
../Src/04_SPI_TX_test.c:17:9: error: unknown type name 'GPIO_Handle_t'
   17 |         GPIO_Handle_t SPIPins;
      |         ^~~~~~~~~~~~~
../Src/04_SPI_TX_test.c:19:16: error: request for member 'pGPIOx' in something not a structure or union
   19 |         SPIPins.pGPIOx = GPIOA;
      |                ^
../Src/04_SPI_TX_test.c:19:26: error: 'GPIOA' undeclared (first use in this function)
   19 |         SPIPins.pGPIOx = GPIOA;
      |                          ^~~~~
../Src/04_SPI_TX_test.c:19:26: note: each undeclared identifier is reported only once for each function it appears in
../Src/04_SPI_TX_test.c:20:16: error: request for member 'GPIO_PinConfig' in something not a structure or union
   20 |         SPIPins.GPIO_PinConfig.GPIO_PinMode = GPIO_MODE_ALTFN;
      |                ^
../Src/04_SPI_TX_test.c:20:47: error: 'GPIO_MODE_ALTFN' undeclared (first use in this function)
   20 |         SPIPins.GPIO_PinConfig.GPIO_PinMode = GPIO_MODE_ALTFN;
      |                                               ^~~~~~~~~~~~~~~
../Src/04_SPI_TX_test.c:17:23: warning: variable 'SPIPins' set but not used [-Wunused-but-set-variable]
   17 |         GPIO_Handle_t SPIPins;
      |                       ^~~~~~~
make: *** [Src/subdir.mk:25: Src/04_SPI_TX_test.o] Error 1
"make -j12 all" terminated with exit code 2. Build might be incomplete.
22:18:31 **** Incremental Build of configuration Debug for project 05_GPIO_drivers ****
make -j12 all 
arm-none-eabi-gcc "../drivers/src/stm32f446xx_gpio_driver.c" -mcpu=cortex-m4 -std=gnu11 -g3 -DDEBUG -DSTM32 -DSTM32F4 -DSTM32F446RETx -DNUCLEO_F446RE -c -I"C:/Users/lenovo/Documents/Learning/Udemy/stm32_learn/05_GPIO_drivers/drivers/inc" -O0 -ffunction-sections -fdata-sections -Wall -fstack-usage -fcyclomatic-complexity -MMD -MP -MF"drivers/src/stm32f446xx_gpio_driver.d" -MT"drivers/src/stm32f446xx_gpio_driver.o" --specs=nano.specs -mfloat-abi=soft -mthumb -o "drivers/src/stm32f446xx_gpio_driver.o"
arm-none-eabi-gcc "../drivers/src/stm32f446xx_spi_driver.c" -mcpu=cortex-m4 -std=gnu11 -g3 -DDEBUG -DSTM32 -DSTM32F4 -DSTM32F446RETx -DNUCLEO_F446RE -c -I"C:/Users/lenovo/Documents/Learning/Udemy/stm32_learn/05_GPIO_drivers/drivers/inc" -O0 -ffunction-sections -fdata-sections -Wall -fstack-usage -fcyclomatic-complexity -MMD -MP -MF"drivers/src/stm32f446xx_spi_driver.d" -MT"drivers/src/stm32f446xx_spi_driver.o" --specs=nano.specs -mfloat-abi=soft -mthumb -o "drivers/src/stm32f446xx_spi_driver.o"
arm-none-eabi-gcc "../Src/04_SPI_TX_test.c" -mcpu=cortex-m4 -std=gnu11 -g3 -DDEBUG -DSTM32 -DSTM32F4 -DSTM32F446RETx -DNUCLEO_F446RE -c -I"C:/Users/lenovo/Documents/Learning/Udemy/stm32_learn/05_GPIO_drivers/drivers/inc" -O0 -ffunction-sections -fdata-sections -Wall -fstack-usage -fcyclomatic-complexity -MMD -MP -MF"Src/04_SPI_TX_test.d" -MT"Src/04_SPI_TX_test.o" --specs=nano.specs -mfloat-abi=soft -mthumb -o "Src/04_SPI_TX_test.o"
../Src/04_SPI_TX_test.c: In function 'main':
../Src/04_SPI_TX_test.c:20:23: warning: variable 'SPIPins' set but not used [-Wunused-but-set-variable]
   20 |         GPIO_Handle_t SPIPins;
      |                       ^~~~~~~
arm-none-eabi-gcc -o "05_GPIO_drivers.elf" @"objects.list"   -mcpu=cortex-m4 -T"C:\Users\lenovo\Documents\Learning\Udemy\stm32_learn\05_GPIO_drivers\STM32F446RETX_FLASH.ld" --specs=nosys.specs -Wl,-Map="05_GPIO_drivers.map" -Wl,--gc-sections -static --specs=nano.specs -mfloat-abi=soft -mthumb -Wl,--start-group -lc -lm -Wl,--end-group
Finished building target: 05_GPIO_drivers.elf
 
arm-none-eabi-size  05_GPIO_drivers.elf 
arm-none-eabi-objdump -h -S 05_GPIO_drivers.elf  > "05_GPIO_drivers.list"
   text	   data	    bss	    dec	    hex	filename
    736	      0	   1568	   2304	    900	05_GPIO_drivers.elf
Finished building: default.size.stdout
 
Finished building: 05_GPIO_drivers.list
 
22:19:06 **** Incremental Build of configuration Debug for project 05_GPIO_drivers ****
make -j12 all 
arm-none-eabi-gcc "../drivers/src/stm32f446xx_gpio_driver.c" -mcpu=cortex-m4 -std=gnu11 -g3 -DDEBUG -DSTM32 -DSTM32F4 -DSTM32F446RETx -DNUCLEO_F446RE -c -I"C:/Users/lenovo/Documents/Learning/Udemy/stm32_learn/05_GPIO_drivers/drivers/inc" -O0 -ffunction-sections -fdata-sections -Wall -fstack-usage -fcyclomatic-complexity -MMD -MP -MF"drivers/src/stm32f446xx_gpio_driver.d" -MT"drivers/src/stm32f446xx_gpio_driver.o" --specs=nano.specs -mfloat-abi=soft -mthumb -o "drivers/src/stm32f446xx_gpio_driver.o"
arm-none-eabi-gcc "../drivers/src/stm32f446xx_spi_driver.c" -mcpu=cortex-m4 -std=gnu11 -g3 -DDEBUG -DSTM32 -DSTM32F4 -DSTM32F446RETx -DNUCLEO_F446RE -c -I"C:/Users/lenovo/Documents/Learning/Udemy/stm32_learn/05_GPIO_drivers/drivers/inc" -O0 -ffunction-sections -fdata-sections -Wall -fstack-usage -fcyclomatic-complexity -MMD -MP -MF"drivers/src/stm32f446xx_spi_driver.d" -MT"drivers/src/stm32f446xx_spi_driver.o" --specs=nano.specs -mfloat-abi=soft -mthumb -o "drivers/src/stm32f446xx_spi_driver.o"
arm-none-eabi-gcc "../Src/04_SPI_TX_test.c" -mcpu=cortex-m4 -std=gnu11 -g3 -DDEBUG -DSTM32 -DSTM32F4 -DSTM32F446RETx -DNUCLEO_F446RE -c -I"C:/Users/lenovo/Documents/Learning/Udemy/stm32_learn/05_GPIO_drivers/drivers/inc" -O0 -ffunction-sections -fdata-sections -Wall -fstack-usage -fcyclomatic-complexity -MMD -MP -MF"Src/04_SPI_TX_test.d" -MT"Src/04_SPI_TX_test.o" --specs=nano.specs -mfloat-abi=soft -mthumb -o "Src/04_SPI_TX_test.o"
../Src/04_SPI_TX_test.c: In function 'main':
../Src/04_SPI_TX_test.c:20:23: warning: variable 'SPIPins' set but not used [-Wunused-but-set-variable]
   20 |         GPIO_Handle_t SPIPins;
      |                       ^~~~~~~
arm-none-eabi-gcc -o "05_GPIO_drivers.elf" @"objects.list"   -mcpu=cortex-m4 -T"C:\Users\lenovo\Documents\Learning\Udemy\stm32_learn\05_GPIO_drivers\STM32F446RETX_FLASH.ld" --specs=nosys.specs -Wl,-Map="05_GPIO_drivers.map" -Wl,--gc-sections -static --specs=nano.specs -mfloat-abi=soft -mthumb -Wl,--start-group -lc -lm -Wl,--end-group
Finished building target: 05_GPIO_drivers.elf
 
arm-none-eabi-size  05_GPIO_drivers.elf 
arm-none-eabi-objdump -h -S 05_GPIO_drivers.elf  > "05_GPIO_drivers.list"
   text	   data	    bss	    dec	    hex	filename
    736	      0	   1568	   2304	    900	05_GPIO_drivers.elf
Finished building: default.size.stdout
 
Finished building: 05_GPIO_drivers.list
 
22:36:33 **** Incremental Build of configuration Debug for project 05_GPIO_drivers ****
make -j12 all 
arm-none-eabi-gcc "../Src/04_SPI_TX_test.c" -mcpu=cortex-m4 -std=gnu11 -g3 -DDEBUG -DSTM32 -DSTM32F4 -DSTM32F446RETx -DNUCLEO_F446RE -c -I"C:/Users/lenovo/Documents/Learning/Udemy/stm32_learn/05_GPIO_drivers/drivers/inc" -O0 -ffunction-sections -fdata-sections -Wall -fstack-usage -fcyclomatic-complexity -MMD -MP -MF"Src/04_SPI_TX_test.d" -MT"Src/04_SPI_TX_test.o" --specs=nano.specs -mfloat-abi=soft -mthumb -o "Src/04_SPI_TX_test.o"
arm-none-eabi-gcc -o "05_GPIO_drivers.elf" @"objects.list"   -mcpu=cortex-m4 -T"C:\Users\lenovo\Documents\Learning\Udemy\stm32_learn\05_GPIO_drivers\STM32F446RETX_FLASH.ld" --specs=nosys.specs -Wl,-Map="05_GPIO_drivers.map" -Wl,--gc-sections -static --specs=nano.specs -mfloat-abi=soft -mthumb -Wl,--start-group -lc -lm -Wl,--end-group
Finished building target: 05_GPIO_drivers.elf
 
arm-none-eabi-size  05_GPIO_drivers.elf 
arm-none-eabi-objdump -h -S 05_GPIO_drivers.elf  > "05_GPIO_drivers.list"
   text	   data	    bss	    dec	    hex	filename
   1588	      0	   1568	   3156	    c54	05_GPIO_drivers.elf
Finished building: default.size.stdout
 
Finished building: 05_GPIO_drivers.list
 
22:38:05 **** Incremental Build of configuration Debug for project 05_GPIO_drivers ****
make -j12 all 
arm-none-eabi-gcc "../Src/04_SPI_TX_test.c" -mcpu=cortex-m4 -std=gnu11 -g3 -DDEBUG -DSTM32 -DSTM32F4 -DSTM32F446RETx -DNUCLEO_F446RE -c -I"C:/Users/lenovo/Documents/Learning/Udemy/stm32_learn/05_GPIO_drivers/drivers/inc" -O0 -ffunction-sections -fdata-sections -Wall -fstack-usage -fcyclomatic-complexity -MMD -MP -MF"Src/04_SPI_TX_test.d" -MT"Src/04_SPI_TX_test.o" --specs=nano.specs -mfloat-abi=soft -mthumb -o "Src/04_SPI_TX_test.o"
arm-none-eabi-gcc -o "05_GPIO_drivers.elf" @"objects.list"   -mcpu=cortex-m4 -T"C:\Users\lenovo\Documents\Learning\Udemy\stm32_learn\05_GPIO_drivers\STM32F446RETX_FLASH.ld" --specs=nosys.specs -Wl,-Map="05_GPIO_drivers.map" -Wl,--gc-sections -static --specs=nano.specs -mfloat-abi=soft -mthumb -Wl,--start-group -lc -lm -Wl,--end-group
Finished building target: 05_GPIO_drivers.elf
 
arm-none-eabi-size  05_GPIO_drivers.elf 
arm-none-eabi-objdump -h -S 05_GPIO_drivers.elf  > "05_GPIO_drivers.list"
   text	   data	    bss	    dec	    hex	filename
   1600	      0	   1568	   3168	    c60	05_GPIO_drivers.elf
Finished building: default.size.stdout
 
Finished building: 05_GPIO_drivers.list
 
22:38:48 **** Incremental Build of configuration Debug for project 05_GPIO_drivers ****
make -j12 all 
arm-none-eabi-gcc "../Src/04_SPI_TX_test.c" -mcpu=cortex-m4 -std=gnu11 -g3 -DDEBUG -DSTM32 -DSTM32F4 -DSTM32F446RETx -DNUCLEO_F446RE -c -I"C:/Users/lenovo/Documents/Learning/Udemy/stm32_learn/05_GPIO_drivers/drivers/inc" -O0 -ffunction-sections -fdata-sections -Wall -fstack-usage -fcyclomatic-complexity -MMD -MP -MF"Src/04_SPI_TX_test.d" -MT"Src/04_SPI_TX_test.o" --specs=nano.specs -mfloat-abi=soft -mthumb -o "Src/04_SPI_TX_test.o"
arm-none-eabi-gcc -o "05_GPIO_drivers.elf" @"objects.list"   -mcpu=cortex-m4 -T"C:\Users\lenovo\Documents\Learning\Udemy\stm32_learn\05_GPIO_drivers\STM32F446RETX_FLASH.ld" --specs=nosys.specs -Wl,-Map="05_GPIO_drivers.map" -Wl,--gc-sections -static --specs=nano.specs -mfloat-abi=soft -mthumb -Wl,--start-group -lc -lm -Wl,--end-group
Finished building target: 05_GPIO_drivers.elf
 
arm-none-eabi-size  05_GPIO_drivers.elf 
arm-none-eabi-objdump -h -S 05_GPIO_drivers.elf  > "05_GPIO_drivers.list"
   text	   data	    bss	    dec	    hex	filename
    720	      0	   1568	   2288	    8f0	05_GPIO_drivers.elf
Finished building: default.size.stdout
 
Finished building: 05_GPIO_drivers.list
 
22:46:47 **** Incremental Build of configuration Debug for project 05_GPIO_drivers ****
make -j12 all 
arm-none-eabi-gcc "../drivers/src/stm32f446xx_gpio_driver.c" -mcpu=cortex-m4 -std=gnu11 -g3 -DDEBUG -DSTM32 -DSTM32F4 -DSTM32F446RETx -DNUCLEO_F446RE -c -I"C:/Users/lenovo/Documents/Learning/Udemy/stm32_learn/05_GPIO_drivers/drivers/inc" -O0 -ffunction-sections -fdata-sections -Wall -fstack-usage -fcyclomatic-complexity -MMD -MP -MF"drivers/src/stm32f446xx_gpio_driver.d" -MT"drivers/src/stm32f446xx_gpio_driver.o" --specs=nano.specs -mfloat-abi=soft -mthumb -o "drivers/src/stm32f446xx_gpio_driver.o"
arm-none-eabi-gcc "../Src/04_SPI_TX_test.c" -mcpu=cortex-m4 -std=gnu11 -g3 -DDEBUG -DSTM32 -DSTM32F4 -DSTM32F446RETx -DNUCLEO_F446RE -c -I"C:/Users/lenovo/Documents/Learning/Udemy/stm32_learn/05_GPIO_drivers/drivers/inc" -O0 -ffunction-sections -fdata-sections -Wall -fstack-usage -fcyclomatic-complexity -MMD -MP -MF"Src/04_SPI_TX_test.d" -MT"Src/04_SPI_TX_test.o" --specs=nano.specs -mfloat-abi=soft -mthumb -o "Src/04_SPI_TX_test.o"
../Src/04_SPI_TX_test.c:56:6: error: conflicting types for 'SPI_Init'; have 'void(void)'
   56 | void SPI_Init(void)
      |      ^~~~~~~~
In file included from C:/Users/lenovo/Documents/Learning/Udemy/stm32_learn/05_GPIO_drivers/drivers/inc/stm32f446xx.h:427,
                 from ../Src/04_SPI_TX_test.c:15:
C:/Users/lenovo/Documents/Learning/Udemy/stm32_learn/05_GPIO_drivers/drivers/inc/stm32f446xx_spi_driver.h:139:6: note: previous declaration of 'SPI_Init' with type 'void(SPI_Handle_t *)'
  139 | void SPI_Init(SPI_Handle_t *pSPIHandle);
      |      ^~~~~~~~
../Src/04_SPI_TX_test.c: In function 'SPI_Init':
../Src/04_SPI_TX_test.c:62:69: error: expected expression before ';' token
   62 |         SPI1Handle.SPIConfig.SPI_DeviceMode = SPI_DEVICE_MODE_MASTER;
      |                                                                     ^
../Src/04_SPI_TX_test.c:58:22: warning: variable 'SPI1Handle' set but not used [-Wunused-but-set-variable]
   58 |         SPI_Handle_t SPI1Handle;
      |                      ^~~~~~~~~~
make: *** [Src/subdir.mk:25: Src/04_SPI_TX_test.o] Error 1
make: *** Waiting for unfinished jobs....
"make -j12 all" terminated with exit code 2. Build might be incomplete.
22:48:34 **** Incremental Build of configuration Debug for project 05_GPIO_drivers ****
make -j12 all 
arm-none-eabi-gcc "../drivers/src/stm32f446xx_gpio_driver.c" -mcpu=cortex-m4 -std=gnu11 -g3 -DDEBUG -DSTM32 -DSTM32F4 -DSTM32F446RETx -DNUCLEO_F446RE -c -I"C:/Users/lenovo/Documents/Learning/Udemy/stm32_learn/05_GPIO_drivers/drivers/inc" -O0 -ffunction-sections -fdata-sections -Wall -fstack-usage -fcyclomatic-complexity -MMD -MP -MF"drivers/src/stm32f446xx_gpio_driver.d" -MT"drivers/src/stm32f446xx_gpio_driver.o" --specs=nano.specs -mfloat-abi=soft -mthumb -o "drivers/src/stm32f446xx_gpio_driver.o"
arm-none-eabi-gcc "../drivers/src/stm32f446xx_spi_driver.c" -mcpu=cortex-m4 -std=gnu11 -g3 -DDEBUG -DSTM32 -DSTM32F4 -DSTM32F446RETx -DNUCLEO_F446RE -c -I"C:/Users/lenovo/Documents/Learning/Udemy/stm32_learn/05_GPIO_drivers/drivers/inc" -O0 -ffunction-sections -fdata-sections -Wall -fstack-usage -fcyclomatic-complexity -MMD -MP -MF"drivers/src/stm32f446xx_spi_driver.d" -MT"drivers/src/stm32f446xx_spi_driver.o" --specs=nano.specs -mfloat-abi=soft -mthumb -o "drivers/src/stm32f446xx_spi_driver.o"
arm-none-eabi-gcc "../Src/04_SPI_TX_test.c" -mcpu=cortex-m4 -std=gnu11 -g3 -DDEBUG -DSTM32 -DSTM32F4 -DSTM32F446RETx -DNUCLEO_F446RE -c -I"C:/Users/lenovo/Documents/Learning/Udemy/stm32_learn/05_GPIO_drivers/drivers/inc" -O0 -ffunction-sections -fdata-sections -Wall -fstack-usage -fcyclomatic-complexity -MMD -MP -MF"Src/04_SPI_TX_test.d" -MT"Src/04_SPI_TX_test.o" --specs=nano.specs -mfloat-abi=soft -mthumb -o "Src/04_SPI_TX_test.o"
../Src/04_SPI_TX_test.c:56:6: error: conflicting types for 'SPI_Init'; have 'void(void)'
   56 | void SPI_Init(void)
      |      ^~~~~~~~
In file included from C:/Users/lenovo/Documents/Learning/Udemy/stm32_learn/05_GPIO_drivers/drivers/inc/stm32f446xx.h:427,
                 from ../Src/04_SPI_TX_test.c:15:
C:/Users/lenovo/Documents/Learning/Udemy/stm32_learn/05_GPIO_drivers/drivers/inc/stm32f446xx_spi_driver.h:139:6: note: previous declaration of 'SPI_Init' with type 'void(SPI_Handle_t *)'
  139 | void SPI_Init(SPI_Handle_t *pSPIHandle);
      |      ^~~~~~~~
../Src/04_SPI_TX_test.c: In function 'SPI_Init':
../Src/04_SPI_TX_test.c:58:22: warning: variable 'SPI1Handle' set but not used [-Wunused-but-set-variable]
   58 |         SPI_Handle_t SPI1Handle;
      |                      ^~~~~~~~~~
make: *** [Src/subdir.mk:25: Src/04_SPI_TX_test.o] Error 1
make: *** Waiting for unfinished jobs....
"make -j12 all" terminated with exit code 2. Build might be incomplete.
22:49:19 **** Incremental Build of configuration Debug for project 05_GPIO_drivers ****
make -j12 all 
arm-none-eabi-gcc "../Src/04_SPI_TX_test.c" -mcpu=cortex-m4 -std=gnu11 -g3 -DDEBUG -DSTM32 -DSTM32F4 -DSTM32F446RETx -DNUCLEO_F446RE -c -I"C:/Users/lenovo/Documents/Learning/Udemy/stm32_learn/05_GPIO_drivers/drivers/inc" -O0 -ffunction-sections -fdata-sections -Wall -fstack-usage -fcyclomatic-complexity -MMD -MP -MF"Src/04_SPI_TX_test.d" -MT"Src/04_SPI_TX_test.o" --specs=nano.specs -mfloat-abi=soft -mthumb -o "Src/04_SPI_TX_test.o"
../Src/04_SPI_TX_test.c: In function 'SPI1_Init':
../Src/04_SPI_TX_test.c:58:22: warning: variable 'SPI1Handle' set but not used [-Wunused-but-set-variable]
   58 |         SPI_Handle_t SPI1Handle;
      |                      ^~~~~~~~~~
[...]
Finished building target: 05_GPIO_drivers.elf
 
arm-none-eabi-size  05_GPIO_drivers.elf 
arm-none-eabi-objdump -h -S 05_GPIO_drivers.elf  > "05_GPIO_drivers.list"
   text	   data	    bss	    dec	    hex	filename
   2852	     12	   1564	   4428	   114c	05_GPIO_drivers.elf
Finished building: default.size.stdout
 
Finished building: 05_GPIO_drivers.list
 
02:47:50 **** Incremental Build of configuration Debug for project 05_GPIO_drivers ****
make -j12 all 
arm-none-eabi-gcc "../Src/04_SPI_TX_test.c" -mcpu=cortex-m4 -std=gnu11 -g3 -DDEBUG -DSTM32 -DSTM32F4 -DSTM32F446RETx -DNUCLEO_F446RE -c -I"C:/Users/lenovo/Documents/Learning/Udemy/stm32_learn/05_GPIO_drivers/drivers/inc" -O0 -ffunction-sections -fdata-sections -Wall -fstack-usage -fcyclomatic-complexity -MMD -MP -MF"Src/04_SPI_TX_test.d" -MT"Src/04_SPI_TX_test.o" --specs=nano.specs -mfloat-abi=soft -mthumb -o "Src/04_SPI_TX_test.o"
../Src/04_SPI_TX_test.c: In function 'main':
../Src/04_SPI_TX_test.c:29:28: error: lvalue required as unary '&' operand
   29 |         SPI_SendData(SPI1, &strlen(user_data), 1);
      |                            ^
make: *** [Src/subdir.mk:25: Src/04_SPI_TX_test.o] Error 1
"make -j12 all" terminated with exit code 2. Build might be incomplete.
02:48:33 **** Incremental Build of configuration Debug for project 05_GPIO_drivers ****
make -j12 all 
arm-none-eabi-gcc "../Src/04_SPI_TX_test.c" -mcpu=cortex-m4 -std=gnu11 -g3 -DDEBUG -DSTM32 -DSTM32F4 -DSTM32F446RETx -DNUCLEO_F446RE -c -I"C:/Users/lenovo/Documents/Learning/Udemy/stm32_learn/05_GPIO_drivers/drivers/inc" -O0 -ffunction-sections -fdata-sections -Wall -fstack-usage -fcyclomatic-complexity -MMD -MP -MF"Src/04_SPI_TX_test.d" -MT"Src/04_SPI_TX_test.o" --specs=nano.specs -mfloat-abi=soft -mthumb -o "Src/04_SPI_TX_test.o"
arm-none-eabi-gcc -o "05_GPIO_drivers.elf" @"objects.list"   -mcpu=cortex-m4 -T"C:\Users\lenovo\Documents\Learning\Udemy\stm32_learn\05_GPIO_drivers\STM32F446RETX_FLASH.ld" --specs=nosys.specs -Wl,-Map="05_GPIO_drivers.map" -Wl,--gc-sections -static --specs=nano.specs -mfloat-abi=soft -mthumb -Wl,--start-group -lc -lm -Wl,--end-group
Finished building target: 05_GPIO_drivers.elf
 
arm-none-eabi-size  05_GPIO_drivers.elf 
arm-none-eabi-objdump -h -S 05_GPIO_drivers.elf  > "05_GPIO_drivers.list"
   text	   data	    bss	    dec	    hex	filename
   2876	     12	   1564	   4452	   1164	05_GPIO_drivers.elf
Finished building: default.size.stdout
 
Finished building: 05_GPIO_drivers.list
 
02:51:04 **** Incremental Build of configuration Debug for project 05_GPIO_drivers ****
make -j12 all 
arm-none-eabi-size  05_GPIO_drivers.elf 
   text	   data	    bss	    dec	    hex	filename
   2876	     12	   1564	   4452	   1164	05_GPIO_drivers.elf
Finished building: default.size.stdout
 
11:22:56 **** Clean-only build of configuration Debug for project 05_GPIO_drivers ****
make -j12 clean 
rm -rf ./drivers/src/stm32f446xx_gpio_driver.cyclo ./drivers/src/stm32f446xx_gpio_driver.d ./drivers/src/stm32f446xx_gpio_driver.o ./drivers/src/stm32f446xx_gpio_driver.su ./drivers/src/stm32f446xx_spi_driver.cyclo ./drivers/src/stm32f446xx_spi_driver.d ./drivers/src/stm32f446xx_spi_driver.o ./drivers/src/stm32f446xx_spi_driver.su
rm -rf ./Startup/startup_stm32f446retx.d ./Startup/startup_stm32f446retx.o
rm -rf ./Src/04_SPI_TX_test.cyclo ./Src/04_SPI_TX_test.d ./Src/04_SPI_TX_test.o ./Src/04_SPI_TX_test.su ./Src/syscalls.cyclo ./Src/syscalls.d ./Src/syscalls.o ./Src/syscalls.su ./Src/sysmem.cyclo ./Src/sysmem.d ./Src/sysmem.o ./Src/sysmem.su
rm -rf 05_GPIO_drivers.elf 05_GPIO_drivers.list 05_GPIO_drivers.map default.size.stdout
 
11:22:56 **** Incremental Build of configuration Debug for project 05_GPIO_drivers ****
make -j12 all 
arm-none-eabi-gcc "../drivers/src/stm32f446xx_gpio_driver.c" -mcpu=cortex-m4 -std=gnu11 -g3 -DDEBUG -DSTM32 -DSTM32F4 -DSTM32F446RETx -DNUCLEO_F446RE -c -I"C:/Users/lenovo/Documents/Learning/Udemy/stm32_learn/05_GPIO_drivers/drivers/inc" -O0 -ffunction-sections -fdata-sections -Wall -fstack-usage -fcyclomatic-complexity -MMD -MP -MF"drivers/src/stm32f446xx_gpio_driver.d" -MT"drivers/src/stm32f446xx_gpio_driver.o" --specs=nano.specs -mfloat-abi=soft -mthumb -o "drivers/src/stm32f446xx_gpio_driver.o"
arm-none-eabi-gcc "../drivers/src/stm32f446xx_spi_driver.c" -mcpu=cortex-m4 -std=gnu11 -g3 -DDEBUG -DSTM32 -DSTM32F4 -DSTM32F446RETx -DNUCLEO_F446RE -c -I"C:/Users/lenovo/Documents/Learning/Udemy/stm32_learn/05_GPIO_drivers/drivers/inc" -O0 -ffunction-sections -fdata-sections -Wall -fstack-usage -fcyclomatic-complexity -MMD -MP -MF"drivers/src/stm32f446xx_spi_driver.d" -MT"drivers/src/stm32f446xx_spi_driver.o" --specs=nano.specs -mfloat-abi=soft -mthumb -o "drivers/src/stm32f446xx_spi_driver.o"
arm-none-eabi-gcc -mcpu=cortex-m4 -g3 -DDEBUG -c -x assembler-with-cpp -MMD -MP -MF"Startup/startup_stm32f446retx.d" -MT"Startup/startup_stm32f446retx.o" --specs=nano.specs -mfloat-abi=soft -mthumb -o "Startup/startup_stm32f446retx.o" "../Startup/startup_stm32f446retx.s"
arm-none-eabi-gcc "../Src/04_SPI_TX_test.c" -mcpu=cortex-m4 -std=gnu11 -g3 -DDEBUG -DSTM32 -DSTM32F4 -DSTM32F446RETx -DNUCLEO_F446RE -c -I"C:/Users/lenovo/Documents/Learning/Udemy/stm32_learn/05_GPIO_drivers/drivers/inc" -O0 -ffunction-sections -fdata-sections -Wall -fstack-usage -fcyclomatic-complexity -MMD -MP -MF"Src/04_SPI_TX_test.d" -MT"Src/04_SPI_TX_test.o" --specs=nano.specs -mfloat-abi=soft -mthumb -o "Src/04_SPI_TX_test.o"
arm-none-eabi-gcc "../Src/syscalls.c" -mcpu=cortex-m4 -std=gnu11 -g3 -DDEBUG -DSTM32 -DSTM32F4 -DSTM32F446RETx -DNUCLEO_F446RE -c -I"C:/Users/lenovo/Documents/Learning/Udemy/stm32_learn/05_GPIO_drivers/drivers/inc" -O0 -ffunction-sections -fdata-sections -Wall -fstack-usage -fcyclomatic-complexity -MMD -MP -MF"Src/syscalls.d" -MT"Src/syscalls.o" --specs=nano.specs -mfloat-abi=soft -mthumb -o "Src/syscalls.o"
arm-none-eabi-gcc "../Src/sysmem.c" -mcpu=cortex-m4 -std=gnu11 -g3 -DDEBUG -DSTM32 -DSTM32F4 -DSTM32F446RETx -DNUCLEO_F446RE -c -I"C:/Users/lenovo/Documents/Learning/Udemy/stm32_learn/05_GPIO_drivers/drivers/inc" -O0 -ffunction-sections -fdata-sections -Wall -fstack-usage -fcyclomatic-complexity -MMD -MP -MF"Src/sysmem.d" -MT"Src/sysmem.o" --specs=nano.specs -mfloat-abi=soft -mthumb -o "Src/sysmem.o"
arm-none-eabi-gcc -o "05_GPIO_drivers.elf" @"objects.list"   -mcpu=cortex-m4 -T"C:\Users\lenovo\Documents\Learning\Udemy\stm32_learn\05_GPIO_drivers\STM32F446RETX_FLASH.ld" --specs=nosys.specs -Wl,-Map="05_GPIO_drivers.map" -Wl,--gc-sections -static --specs=nano.specs -mfloat-abi=soft -mthumb -Wl,--start-group -lc -lm -Wl,--end-group
Finished building target: 05_GPIO_drivers.elf
 
arm-none-eabi-size  05_GPIO_drivers.elf 
arm-none-eabi-objdump -h -S 05_GPIO_drivers.elf  > "05_GPIO_drivers.list"
   text	   data	    bss	    dec	    hex	filename
   2876	     12	   1564	   4452	   1164	05_GPIO_drivers.elf
Finished building: default.size.stdout
 
Finished building: 05_GPIO_drivers.list
 
15:22:21 **** Incremental Build of configuration Debug for project 05_GPIO_drivers ****
make -j12 all 
arm-none-eabi-size  05_GPIO_drivers.elf 
   text	   data	    bss	    dec	    hex	filename
   2876	     12	   1564	   4452	   1164	05_GPIO_drivers.elf
Finished building: default.size.stdout
 
15:22:38 **** Incremental Build of configuration Debug for project 05_GPIO_drivers ****
make -j12 all 
arm-none-eabi-size  05_GPIO_drivers.elf 
   text	   data	    bss	    dec	    hex	filename
   2876	     12	   1564	   4452	   1164	05_GPIO_drivers.elf
Finished building: default.size.stdout
 
15:34:15 **** Incremental Build of configuration Debug for project 05_GPIO_drivers ****
make -j12 all 
arm-none-eabi-size  05_GPIO_drivers.elf 
   text	   data	    bss	    dec	    hex	filename
   2876	     12	   1564	   4452	   1164	05_GPIO_drivers.elf
Finished building: default.size.stdout
 
15:34:29 **** Incremental Build of configuration Debug for project 05_GPIO_drivers ****
make -j12 all 
arm-none-eabi-size  05_GPIO_drivers.elf 
   text	   data	    bss	    dec	    hex	filename
   2876	     12	   1564	   4452	   1164	05_GPIO_drivers.elf
Finished building: default.size.stdout
 
15:53:57 **** Incremental Build of configuration Debug for project 05_GPIO_drivers ****
make -j12 all 
arm-none-eabi-gcc "../Src/04_SPI_TX_test.c" -mcpu=cortex-m4 -std=gnu11 -g3 -DDEBUG -DSTM32 -DSTM32F4 -DSTM32F446RETx -DNUCLEO_F446RE -c -I"C:/Users/lenovo/Documents/Learning/Udemy/stm32_learn/05_GPIO_drivers/drivers/inc" -O0 -ffunction-sections -fdata-sections -Wall -fstack-usage -fcyclomatic-complexity -MMD -MP -MF"Src/04_SPI_TX_test.d" -MT"Src/04_SPI_TX_test.o" --specs=nano.specs -mfloat-abi=soft -mthumb -o "Src/04_SPI_TX_test.o"
arm-none-eabi-gcc -o "05_GPIO_drivers.elf" @"objects.list"   -mcpu=cortex-m4 -T"C:\Users\lenovo\Documents\Learning\Udemy\stm32_learn\05_GPIO_drivers\STM32F446RETX_FLASH.ld" --specs=nosys.specs -Wl,-Map="05_GPIO_drivers.map" -Wl,--gc-sections -static --specs=nano.specs -mfloat-abi=soft -mthumb -Wl,--start-group -lc -lm -Wl,--end-group
Finished building target: 05_GPIO_drivers.elf
 
arm-none-eabi-size  05_GPIO_drivers.elf 
arm-none-eabi-objdump -h -S 05_GPIO_drivers.elf  > "05_GPIO_drivers.list"
   text	   data	    bss	    dec	    hex	filename
   2876	     12	   1564	   4452	   1164	05_GPIO_drivers.elf
Finished building: default.size.stdout
 
Finished building: 05_GPIO_drivers.list
 
15:58:47 **** Incremental Build of configuration Debug for project 05_GPIO_drivers ****
make -j12 all 
arm-none-eabi-size  05_GPIO_drivers.elf 
   text	   data	    bss	    dec	    hex	filename
   2876	     12	   1564	   4452	   1164	05_GPIO_drivers.elf
Finished building: default.size.stdout
 
02:01:40 **** Incremental Build of configuration Debug for project 05_GPIO_drivers ****
make -j12 all 
arm-none-eabi-gcc "../Src/04_SPI_TX_test.c" -mcpu=cortex-m4 -std=gnu11 -g3 -DDEBUG -DSTM32 -DSTM32F4 -DSTM32F446RETx -DNUCLEO_F446RE -c -I"C:/Users/lenovo/Documents/Learning/Udemy/stm32_learn/05_GPIO_drivers/drivers/inc" -O0 -ffunction-sections -fdata-sections -Wall -fstack-usage -fcyclomatic-complexity -MMD -MP -MF"Src/04_SPI_TX_test.d" -MT"Src/04_SPI_TX_test.o" --specs=nano.specs -mfloat-abi=soft -mthumb -o "Src/04_SPI_TX_test.o"
arm-none-eabi-gcc -o "05_GPIO_drivers.elf" @"objects.list"   -mcpu=cortex-m4 -T"C:\Users\lenovo\Documents\Learning\Udemy\stm32_learn\05_GPIO_drivers\STM32F446RETX_FLASH.ld" --specs=nosys.specs -Wl,-Map="05_GPIO_drivers.map" -Wl,--gc-sections -static --specs=nano.specs -mfloat-abi=soft -mthumb -Wl,--start-group -lc -lm -Wl,--end-group
Finished building target: 05_GPIO_drivers.elf
 
arm-none-eabi-size  05_GPIO_drivers.elf 
arm-none-eabi-objdump -h -S 05_GPIO_drivers.elf  > "05_GPIO_drivers.list"
   text	   data	    bss	    dec	    hex	filename
   2876	     24	   1568	   4468	   1174	05_GPIO_drivers.elf
Finished building: default.size.stdout
 
Finished building: 05_GPIO_drivers.list
 
02:02:52 **** Incremental Build of configuration Debug for project 05_GPIO_drivers ****
make -j12 all 
arm-none-eabi-gcc "../Src/04_SPI_TX_test.c" -mcpu=cortex-m4 -std=gnu11 -g3 -DDEBUG -DSTM32 -DSTM32F4 -DSTM32F446RETx -DNUCLEO_F446RE -c -I"C:/Users/lenovo/Documents/Learning/Udemy/stm32_learn/05_GPIO_drivers/drivers/inc" -O0 -ffunction-sections -fdata-sections -Wall -fstack-usage -fcyclomatic-complexity -MMD -MP -MF"Src/04_SPI_TX_test.d" -MT"Src/04_SPI_TX_test.o" --specs=nano.specs -mfloat-abi=soft -mthumb -o "Src/04_SPI_TX_test.o"
arm-none-eabi-gcc -o "05_GPIO_drivers.elf" @"objects.list"   -mcpu=cortex-m4 -T"C:\Users\lenovo\Documents\Learning\Udemy\stm32_learn\05_GPIO_drivers\STM32F446RETX_FLASH.ld" --specs=nosys.specs -Wl,-Map="05_GPIO_drivers.map" -Wl,--gc-sections -static --specs=nano.specs -mfloat-abi=soft -mthumb -Wl,--start-group -lc -lm -Wl,--end-group
Finished building target: 05_GPIO_drivers.elf
 
arm-none-eabi-size  05_GPIO_drivers.elf 
arm-none-eabi-objdump -h -S 05_GPIO_drivers.elf  > "05_GPIO_drivers.list"
   text	   data	    bss	    dec	    hex	filename
   2876	     28	   1564	   4468	   1174	05_GPIO_drivers.elf
Finished building: default.size.stdout
 
Finished building: 05_GPIO_drivers.list
 
02:08:01 **** Incremental Build of configuration Debug for project 05_GPIO_drivers ****
make -j12 all 
arm-none-eabi-gcc "../Src/04_SPI_TX_test.c" -mcpu=cortex-m4 -std=gnu11 -g3 -DDEBUG -DSTM32 -DSTM32F4 -DSTM32F446RETx -DNUCLEO_F446RE -c -I"C:/Users/lenovo/Documents/Learning/Udemy/stm32_learn/05_GPIO_drivers/drivers/inc" -O0 -ffunction-sections -fdata-sections -Wall -fstack-usage -fcyclomatic-complexity -MMD -MP -MF"Src/04_SPI_TX_test.d" -MT"Src/04_SPI_TX_test.o" --specs=nano.specs -mfloat-abi=soft -mthumb -o "Src/04_SPI_TX_test.o"
arm-none-eabi-gcc -o "05_GPIO_drivers.elf" @"objects.list"   -mcpu=cortex-m4 -T"C:\Users\lenovo\Documents\Learning\Udemy\stm32_learn\05_GPIO_drivers\STM32F446RETX_FLASH.ld" --specs=nosys.specs -Wl,-Map="05_GPIO_drivers.map" -Wl,--gc-sections -static --specs=nano.specs -mfloat-abi=soft -mthumb -Wl,--start-group -lc -lm -Wl,--end-group
Finished building target: 05_GPIO_drivers.elf
 
arm-none-eabi-size  05_GPIO_drivers.elf 
arm-none-eabi-objdump -h -S 05_GPIO_drivers.elf  > "05_GPIO_drivers.list"
   text	   data	    bss	    dec	    hex	filename
   2876	     28	   1564	   4468	   1174	05_GPIO_drivers.elf
Finished building: default.size.stdout
 
Finished building: 05_GPIO_drivers.list
 
02:18:01 **** Incremental Build of configuration Debug for project 05_GPIO_drivers ****
make -j12 all 
arm-none-eabi-gcc "../Src/04_SPI_TX_test.c" -mcpu=cortex-m4 -std=gnu11 -g3 -DDEBUG -DSTM32 -DSTM32F4 -DSTM32F446RETx -DNUCLEO_F446RE -c -I"C:/Users/lenovo/Documents/Learning/Udemy/stm32_learn/05_GPIO_drivers/drivers/inc" -O0 -ffunction-sections -fdata-sections -Wall -fstack-usage -fcyclomatic-complexity -MMD -MP -MF"Src/04_SPI_TX_test.d" -MT"Src/04_SPI_TX_test.o" --specs=nano.specs -mfloat-abi=soft -mthumb -o "Src/04_SPI_TX_test.o"
arm-none-eabi-gcc -o "05_GPIO_drivers.elf" @"objects.list"   -mcpu=cortex-m4 -T"C:\Users\lenovo\Documents\Learning\Udemy\stm32_learn\05_GPIO_drivers\STM32F446RETX_FLASH.ld" --specs=nosys.specs -Wl,-Map="05_GPIO_drivers.map" -Wl,--gc-sections -static --specs=nano.specs -mfloat-abi=soft -mthumb -Wl,--start-group -lc -lm -Wl,--end-group
Finished building target: 05_GPIO_drivers.elf
 
arm-none-eabi-size  05_GPIO_drivers.elf 
arm-none-eabi-objdump -h -S 05_GPIO_drivers.elf  > "05_GPIO_drivers.list"
   text	   data	    bss	    dec	    hex	filename
   2852	     28	   1564	   4444	   115c	05_GPIO_drivers.elf
Finished building: default.size.stdout
 
Finished building: 05_GPIO_drivers.list
 
12:29:36 **** Clean-only build of configuration Debug for project 05_GPIO_drivers ****
make -j12 clean 
rm -rf ./drivers/src/stm32f446xx_gpio_driver.cyclo ./drivers/src/stm32f446xx_gpio_driver.d ./drivers/src/stm32f446xx_gpio_driver.o ./drivers/src/stm32f446xx_gpio_driver.su ./drivers/src/stm32f446xx_spi_driver.cyclo ./drivers/src/stm32f446xx_spi_driver.d ./drivers/src/stm32f446xx_spi_driver.o ./drivers/src/stm32f446xx_spi_driver.su
rm -rf ./Startup/startup_stm32f446retx.d ./Startup/startup_stm32f446retx.o
rm -rf ./Src/04_SPI_TX_test.cyclo ./Src/04_SPI_TX_test.d ./Src/04_SPI_TX_test.o ./Src/04_SPI_TX_test.su ./Src/syscalls.cyclo ./Src/syscalls.d ./Src/syscalls.o ./Src/syscalls.su ./Src/sysmem.cyclo ./Src/sysmem.d ./Src/sysmem.o ./Src/sysmem.su
rm -rf 05_GPIO_drivers.elf 05_GPIO_drivers.list 05_GPIO_drivers.map default.size.stdout
 
12:29:38 **** Incremental Build of configuration Debug for project 05_GPIO_drivers ****
make -j12 all 
arm-none-eabi-gcc "../drivers/src/stm32f446xx_gpio_driver.c" -mcpu=cortex-m4 -std=gnu11 -g3 -DDEBUG -DSTM32 -DSTM32F4 -DSTM32F446RETx -DNUCLEO_F446RE -c -I"C:/Users/lenovo/Documents/Learning/Udemy/stm32_learn/05_GPIO_drivers/drivers/inc" -O0 -ffunction-sections -fdata-sections -Wall -fstack-usage -fcyclomatic-complexity -MMD -MP -MF"drivers/src/stm32f446xx_gpio_driver.d" -MT"drivers/src/stm32f446xx_gpio_driver.o" --specs=nano.specs -mfloat-abi=soft -mthumb -o "drivers/src/stm32f446xx_gpio_driver.o"
arm-none-eabi-gcc "../drivers/src/stm32f446xx_spi_driver.c" -mcpu=cortex-m4 -std=gnu11 -g3 -DDEBUG -DSTM32 -DSTM32F4 -DSTM32F446RETx -DNUCLEO_F446RE -c -I"C:/Users/lenovo/Documents/Learning/Udemy/stm32_learn/05_GPIO_drivers/drivers/inc" -O0 -ffunction-sections -fdata-sections -Wall -fstack-usage -fcyclomatic-complexity -MMD -MP -MF"drivers/src/stm32f446xx_spi_driver.d" -MT"drivers/src/stm32f446xx_spi_driver.o" --specs=nano.specs -mfloat-abi=soft -mthumb -o "drivers/src/stm32f446xx_spi_driver.o"
arm-none-eabi-gcc -mcpu=cortex-m4 -g3 -DDEBUG -c -x assembler-with-cpp -MMD -MP -MF"Startup/startup_stm32f446retx.d" -MT"Startup/startup_stm32f446retx.o" --specs=nano.specs -mfloat-abi=soft -mthumb -o "Startup/startup_stm32f446retx.o" "../Startup/startup_stm32f446retx.s"
arm-none-eabi-gcc "../Src/04_SPI_TX_test.c" -mcpu=cortex-m4 -std=gnu11 -g3 -DDEBUG -DSTM32 -DSTM32F4 -DSTM32F446RETx -DNUCLEO_F446RE -c -I"C:/Users/lenovo/Documents/Learning/Udemy/stm32_learn/05_GPIO_drivers/drivers/inc" -O0 -ffunction-sections -fdata-sections -Wall -fstack-usage -fcyclomatic-complexity -MMD -MP -MF"Src/04_SPI_TX_test.d" -MT"Src/04_SPI_TX_test.o" --specs=nano.specs -mfloat-abi=soft -mthumb -o "Src/04_SPI_TX_test.o"
arm-none-eabi-gcc "../Src/syscalls.c" -mcpu=cortex-m4 -std=gnu11 -g3 -DDEBUG -DSTM32 -DSTM32F4 -DSTM32F446RETx -DNUCLEO_F446RE -c -I"C:/Users/lenovo/Documents/Learning/Udemy/stm32_learn/05_GPIO_drivers/drivers/inc" -O0 -ffunction-sections -fdata-sections -Wall -fstack-usage -fcyclomatic-complexity -MMD -MP -MF"Src/syscalls.d" -MT"Src/syscalls.o" --specs=nano.specs -mfloat-abi=soft -mthumb -o "Src/syscalls.o"
arm-none-eabi-gcc "../Src/sysmem.c" -mcpu=cortex-m4 -std=gnu11 -g3 -DDEBUG -DSTM32 -DSTM32F4 -DSTM32F446RETx -DNUCLEO_F446RE -c -I"C:/Users/lenovo/Documents/Learning/Udemy/stm32_learn/05_GPIO_drivers/drivers/inc" -O0 -ffunction-sections -fdata-sections -Wall -fstack-usage -fcyclomatic-complexity -MMD -MP -MF"Src/sysmem.d" -MT"Src/sysmem.o" --specs=nano.specs -mfloat-abi=soft -mthumb -o "Src/sysmem.o"
arm-none-eabi-gcc -o "05_GPIO_drivers.elf" @"objects.list"   -mcpu=cortex-m4 -T"C:\Users\lenovo\Documents\Learning\Udemy\stm32_learn\05_GPIO_drivers\STM32F446RETX_FLASH.ld" --specs=nosys.specs -Wl,-Map="05_GPIO_drivers.map" -Wl,--gc-sections -static --specs=nano.specs -mfloat-abi=soft -mthumb -Wl,--start-group -lc -lm -Wl,--end-group
Finished building target: 05_GPIO_drivers.elf
 
arm-none-eabi-size  05_GPIO_drivers.elf 
arm-none-eabi-objdump -h -S 05_GPIO_drivers.elf  > "05_GPIO_drivers.list"
   text	   data	    bss	    dec	    hex	filename
   2852	     16	   1568	   4436	   1154	05_GPIO_drivers.elf
Finished building: default.size.stdout
 
Finished building: 05_GPIO_drivers.list
 
13:16:58 **** Incremental Build of configuration Debug for project 05_GPIO_drivers ****
make -j12 all 
arm-none-eabi-gcc "../Src/04_SPI_TX_test.c" -mcpu=cortex-m4 -std=gnu11 -g3 -DDEBUG -DSTM32 -DSTM32F4 -DSTM32F446RETx -DNUCLEO_F446RE -c -I"C:/Users/lenovo/Documents/Learning/Udemy/stm32_learn/05_GPIO_drivers/drivers/inc" -O0 -ffunction-sections -fdata-sections -Wall -fstack-usage -fcyclomatic-complexity -MMD -MP -MF"Src/04_SPI_TX_test.d" -MT"Src/04_SPI_TX_test.o" --specs=nano.specs -mfloat-abi=soft -mthumb -o "Src/04_SPI_TX_test.o"
arm-none-eabi-gcc -o "05_GPIO_drivers.elf" @"objects.list"   -mcpu=cortex-m4 -T"C:\Users\lenovo\Documents\Learning\Udemy\stm32_learn\05_GPIO_drivers\STM32F446RETX_FLASH.ld" --specs=nosys.specs -Wl,-Map="05_GPIO_drivers.map" -Wl,--gc-sections -static --specs=nano.specs -mfloat-abi=soft -mthumb -Wl,--start-group -lc -lm -Wl,--end-group
Finished building target: 05_GPIO_drivers.elf
 
arm-none-eabi-size  05_GPIO_drivers.elf 
arm-none-eabi-objdump -h -S 05_GPIO_drivers.elf  > "05_GPIO_drivers.list"
   text	   data	    bss	    dec	    hex	filename
   2852	     36	   1564	   4452	   1164	05_GPIO_drivers.elf
Finished building: default.size.stdout
 
Finished building: 05_GPIO_drivers.list
 
