00:28:38 **** Incremental Build of configuration Debug for project test_sample ****
make -j12 all 
arm-none-eabi-gcc "../Src/syscalls.c" -mcpu=cortex-m4 -std=gnu11 -g3 -DDEBUG -DSTM32 -DSTM32F4 -DSTM32F446RETx -DNUCLEO_F446RE -c -I../Inc -O0 -ffunction-sections -fdata-sections -Wall -fstack-usage -fcyclomatic-complexity -MMD -MP -MF"Src/syscalls.d" -MT"Src/syscalls.o" --specs=nano.specs -mfloat-abi=soft -mthumb -o "Src/syscalls.o"
arm-none-eabi-gcc -o "test_sample.elf" @"objects.list"   -mcpu=cortex-m4 -T"C:\Users\lenovo\Documents\Learning\Udemy\stm32_learn\test_sample\STM32F446RETX_FLASH.ld" --specs=nosys.specs -Wl,-Map="test_sample.map" -Wl,--gc-sections -static --specs=nano.specs -mfloat-abi=soft -mthumb -Wl,--start-group -lc -lm -Wl,--end-group
Finished building target: test_sample.elf
 
arm-none-eabi-size  test_sample.elf 
arm-none-eabi-objdump -h -S test_sample.elf  > "test_sample.list"
   text	   data	    bss	    dec	    hex	filename
   3448	     92	   1900	   5440	   1540	test_sample.elf
Finished building: default.size.stdout
 
Finished building: test_sample.list
 

00:28:39 Build Finished. 0 errors, 0 warnings. (took 666ms)

